../Core/Src/bl_ota.c:19:6:bl_crc_init	16	static
../Core/Src/bl_ota.c:24:6:bl_crc_update	32	static
../Core/Src/bl_ota.c:39:10:bl_crc_finalize	16	static
../Core/Src/bl_ota.c:44:5:check_ota_request	8	static
../Core/Src/bl_ota.c:50:10:bl_flash_erase_app	16	static
../Core/Src/bl_ota.c:58:6:bl_flash_write_app_header	56	static
../Core/Src/bl_ota.c:84:6:bl_ota_begin	24	static
../Core/Src/bl_ota.c:94:5:bl_ota_write_chunk	40	static
../Core/Src/bl_ota.c:121:5:bl_ota_finalize	24	static
../Core/Src/bl_ota.c:139:5:bl_ota_run	304	static
