../Core/Src/main.c:73:6:HAL_GPIO_EXTI_Callback	16	static
../Core/Src/main.c:78:5:__io_putchar	16	static
../Core/Src/main.c:90:5:main	16	static,ignoring_inline_asm
../Core/Src/main.c:161:6:SystemClock_Config	72	static
../Core/Src/main.c:201:13:MX_SPI1_Init	8	static
../Core/Src/main.c:239:13:MX_USART1_UART_Init	8	static
../Core/Src/main.c:272:13:MX_USART2_UART_Init	8	static
../Core/Src/main.c:303:13:MX_DMA_Init	16	static
../Core/Src/main.c:321:13:MX_GPIO_Init	40	static
../Core/Src/main.c:376:6:Error_Handler	4	static,ignoring_inline_asm
