Archive member included to satisfy reference by file (symbol)

/home/Shivani/st/stm32cubeide_2.0.0/plugins/com.st.stm32cube.ide.mcu.externaltools.gnu-tools-for-stm32.13.3.rel1.linux64_1.0.100.202509120712/tools/bin/../lib/gcc/arm-none-eabi/13.3.1/../../../../arm-none-eabi/lib/thumb/v7-m/nofp/libc_nano.a(libc_a-exit.o)
                              /home/Shivani/st/stm32cubeide_2.0.0/plugins/com.st.stm32cube.ide.mcu.externaltools.gnu-tools-for-stm32.13.3.rel1.linux64_1.0.100.202509120712/tools/bin/../lib/gcc/arm-none-eabi/13.3.1/../../../../arm-none-eabi/lib/thumb/v7-m/nofp/crt0.o (exit)
/home/Shivani/st/stm32cubeide_2.0.0/plugins/com.st.stm32cube.ide.mcu.externaltools.gnu-tools-for-stm32.13.3.rel1.linux64_1.0.100.202509120712/tools/bin/../lib/gcc/arm-none-eabi/13.3.1/../../../../arm-none-eabi/lib/thumb/v7-m/nofp/libc_nano.a(libc_a-findfp.o)
                              /home/Shivani/st/stm32cubeide_2.0.0/plugins/com.st.stm32cube.ide.mcu.externaltools.gnu-tools-for-stm32.13.3.rel1.linux64_1.0.100.202509120712/tools/bin/../lib/gcc/arm-none-eabi/13.3.1/../../../../arm-none-eabi/lib/thumb/v7-m/nofp/libc_nano.a(libc_a-exit.o) (__stdio_exit_handler)
/home/Shivani/st/stm32cubeide_2.0.0/plugins/com.st.stm32cube.ide.mcu.externaltools.gnu-tools-for-stm32.13.3.rel1.linux64_1.0.100.202509120712/tools/bin/../lib/gcc/arm-none-eabi/13.3.1/../../../../arm-none-eabi/lib/thumb/v7-m/nofp/libc_nano.a(libc_a-fwalk.o)
                              /home/Shivani/st/stm32cubeide_2.0.0/plugins/com.st.stm32cube.ide.mcu.externaltools.gnu-tools-for-stm32.13.3.rel1.linux64_1.0.100.202509120712/tools/bin/../lib/gcc/arm-none-eabi/13.3.1/../../../../arm-none-eabi/lib/thumb/v7-m/nofp/libc_nano.a(libc_a-findfp.o) (_fwalk_sglue)
/home/Shivani/st/stm32cubeide_2.0.0/plugins/com.st.stm32cube.ide.mcu.externaltools.gnu-tools-for-stm32.13.3.rel1.linux64_1.0.100.202509120712/tools/bin/../lib/gcc/arm-none-eabi/13.3.1/../../../../arm-none-eabi/lib/thumb/v7-m/nofp/libc_nano.a(libc_a-printf.o)
                              ./Core/Src/ESP8266_STM32.o (printf)
/home/Shivani/st/stm32cubeide_2.0.0/plugins/com.st.stm32cube.ide.mcu.externaltools.gnu-tools-for-stm32.13.3.rel1.linux64_1.0.100.202509120712/tools/bin/../lib/gcc/arm-none-eabi/13.3.1/../../../../arm-none-eabi/lib/thumb/v7-m/nofp/libc_nano.a(libc_a-puts.o)
                              ./Core/Src/ESP8266_STM32.o (puts)
/home/Shivani/st/stm32cubeide_2.0.0/plugins/com.st.stm32cube.ide.mcu.externaltools.gnu-tools-for-stm32.13.3.rel1.linux64_1.0.100.202509120712/tools/bin/../lib/gcc/arm-none-eabi/13.3.1/../../../../arm-none-eabi/lib/thumb/v7-m/nofp/libc_nano.a(libc_a-snprintf.o)
                              ./Core/Src/ESP8266_STM32.o (snprintf)
/home/Shivani/st/stm32cubeide_2.0.0/plugins/com.st.stm32cube.ide.mcu.externaltools.gnu-tools-for-stm32.13.3.rel1.linux64_1.0.100.202509120712/tools/bin/../lib/gcc/arm-none-eabi/13.3.1/../../../../arm-none-eabi/lib/thumb/v7-m/nofp/libc_nano.a(libc_a-stdio.o)
                              /home/Shivani/st/stm32cubeide_2.0.0/plugins/com.st.stm32cube.ide.mcu.externaltools.gnu-tools-for-stm32.13.3.rel1.linux64_1.0.100.202509120712/tools/bin/../lib/gcc/arm-none-eabi/13.3.1/../../../../arm-none-eabi/lib/thumb/v7-m/nofp/libc_nano.a(libc_a-findfp.o) (__sread)
/home/Shivani/st/stm32cubeide_2.0.0/plugins/com.st.stm32cube.ide.mcu.externaltools.gnu-tools-for-stm32.13.3.rel1.linux64_1.0.100.202509120712/tools/bin/../lib/gcc/arm-none-eabi/13.3.1/../../../../arm-none-eabi/lib/thumb/v7-m/nofp/libc_nano.a(libc_a-wbuf.o)
                              /home/Shivani/st/stm32cubeide_2.0.0/plugins/com.st.stm32cube.ide.mcu.externaltools.gnu-tools-for-stm32.13.3.rel1.linux64_1.0.100.202509120712/tools/bin/../lib/gcc/arm-none-eabi/13.3.1/../../../../arm-none-eabi/lib/thumb/v7-m/nofp/libc_nano.a(libc_a-puts.o) (__swbuf_r)
/home/Shivani/st/stm32cubeide_2.0.0/plugins/com.st.stm32cube.ide.mcu.externaltools.gnu-tools-for-stm32.13.3.rel1.linux64_1.0.100.202509120712/tools/bin/../lib/gcc/arm-none-eabi/13.3.1/../../../../arm-none-eabi/lib/thumb/v7-m/nofp/libc_nano.a(libc_a-wsetup.o)
                              /home/Shivani/st/stm32cubeide_2.0.0/plugins/com.st.stm32cube.ide.mcu.externaltools.gnu-tools-for-stm32.13.3.rel1.linux64_1.0.100.202509120712/tools/bin/../lib/gcc/arm-none-eabi/13.3.1/../../../../arm-none-eabi/lib/thumb/v7-m/nofp/libc_nano.a(libc_a-puts.o) (__swsetup_r)
/home/Shivani/st/stm32cubeide_2.0.0/plugins/com.st.stm32cube.ide.mcu.externaltools.gnu-tools-for-stm32.13.3.rel1.linux64_1.0.100.202509120712/tools/bin/../lib/gcc/arm-none-eabi/13.3.1/../../../../arm-none-eabi/lib/thumb/v7-m/nofp/libc_nano.a(libc_a-memcmp.o)
                              ./Core/Src/ESP8266_STM32.o (memcmp)
/home/Shivani/st/stm32cubeide_2.0.0/plugins/com.st.stm32cube.ide.mcu.externaltools.gnu-tools-for-stm32.13.3.rel1.linux64_1.0.100.202509120712/tools/bin/../lib/gcc/arm-none-eabi/13.3.1/../../../../arm-none-eabi/lib/thumb/v7-m/nofp/libc_nano.a(libc_a-memset.o)
[...]
Memory Configuration

Name             Origin             Length             Attributes
RAM              0x20000000         0x00005000         xrw
FLASH            0x08004400         0x0000bc00         xr
*default*        0x00000000         0xffffffff

Linker script and memory map

LOAD /home/Shivani/st/stm32cubeide_2.0.0/plugins/com.st.stm32cube.ide.mcu.externaltools.gnu-tools-for-stm32.13.3.rel1.linux64_1.0.100.202509120712/tools/bin/../lib/gcc/arm-none-eabi/13.3.1/thumb/v7-m/nofp/crti.o
LOAD /home/Shivani/st/stm32cubeide_2.0.0/plugins/com.st.stm32cube.ide.mcu.externaltools.gnu-tools-for-stm32.13.3.rel1.linux64_1.0.100.202509120712/tools/bin/../lib/gcc/arm-none-eabi/13.3.1/thumb/v7-m/nofp/crtbegin.o
LOAD /home/Shivani/st/stm32cubeide_2.0.0/plugins/com.st.stm32cube.ide.mcu.externaltools.gnu-tools-for-stm32.13.3.rel1.linux64_1.0.100.202509120712/tools/bin/../lib/gcc/arm-none-eabi/13.3.1/../../../../arm-none-eabi/lib/thumb/v7-m/nofp/crt0.o
LOAD ./Core/Src/ESP8266_STM32.o
LOAD ./Core/Src/W25Qxx.o
LOAD ./Core/Src/app_ota.o
LOAD ./Core/Src/flash_operations.o
LOAD ./Core/Src/main.o
LOAD ./Core/Src/stm32f1xx_hal_msp.o
LOAD ./Core/Src/stm32f1xx_it.o
LOAD ./Core/Src/syscalls.o
LOAD ./Core/Src/sysmem.o
LOAD ./Core/Src/system_stm32f1xx.o
LOAD ./Core/Startup/startup_stm32f103c8tx.o
LOAD ./Drivers/STM32F1xx_HAL_Driver/Src/stm32f1xx_hal.o
LOAD ./Drivers/STM32F1xx_HAL_Driver/Src/stm32f1xx_hal_cortex.o
LOAD ./Drivers/STM32F1xx_HAL_Driver/Src/stm32f1xx_hal_dma.o
LOAD ./Drivers/STM32F1xx_HAL_Driver/Src/stm32f1xx_hal_exti.o
LOAD ./Drivers/STM32F1xx_HAL_Driver/Src/stm32f1xx_hal_flash.o
LOAD ./Drivers/STM32F1xx_HAL_Driver/Src/stm32f1xx_hal_flash_ex.o
LOAD ./Drivers/STM32F1xx_HAL_Driver/Src/stm32f1xx_hal_gpio.o
LOAD ./Drivers/STM32F1xx_HAL_Driver/Src/stm32f1xx_hal_gpio_ex.o
LOAD ./Drivers/STM32F1xx_HAL_Driver/Src/stm32f1xx_hal_pwr.o
LOAD ./Drivers/STM32F1xx_HAL_Driver/Src/stm32f1xx_hal_rcc.o
LOAD ./Drivers/STM32F1xx_HAL_Driver/Src/stm32f1xx_hal_rcc_ex.o
LOAD ./Drivers/STM32F1xx_HAL_Driver/Src/stm32f1xx_hal_spi.o
LOAD ./Drivers/STM32F1xx_HAL_Driver/Src/stm32f1xx_hal_uart.o
START GROUP
LOAD /home/Shivani/st/stm32cubeide_2.0.0/plugins/com.st.stm32cube.ide.mcu.externaltools.gnu-tools-for-stm32.13.3.rel1.linux64_1.0.100.202509120712/tools/bin/../lib/gcc/arm-none-eabi/13.3.1/../../../../arm-none-eabi/lib/thumb/v7-m/nofp/libc_nano.a
LOAD /home/Shivani/st/stm32cubeide_2.0.0/plugins/com.st.stm32cube.ide.mcu.externaltools.gnu-tools-for-stm32.13.3.rel1.linux64_1.0.100.202509120712/tools/bin/../lib/gcc/arm-none-eabi/13.3.1/../../../../arm-none-eabi/lib/thumb/v7-m/nofp/libm.a
END GROUP
START GROUP
LOAD /home/Shivani/st/stm32cubeide_2.0.0/plugins/com.st.stm32cube.ide.mcu.externaltools.gnu-tools-for-stm32.13.3.rel1.linux64_1.0.100.202509120712/tools/bin/../lib/gcc/arm-none-eabi/13.3.1/thumb/v7-m/nofp/libgcc.a
LOAD /home/Shivani/st/stm32cubeide_2.0.0/plugins/com.st.stm32cube.ide.mcu.externaltools.gnu-tools-for-stm32.13.3.rel1.linux64_1.0.100.202509120712/tools/bin/../lib/gcc/arm-none-eabi/13.3.1/../../../../arm-none-eabi/lib/thumb/v7-m/nofp/libc_nano.a
END GROUP
START GROUP
LOAD /home/Shivani/st/stm32cubeide_2.0.0/plugins/com.st.stm32cube.ide.mcu.externaltools.gnu-tools-for-stm32.13.3.rel1.linux64_1.0.100.202509120712/tools/bin/../lib/gcc/arm-none-eabi/13.3.1/thumb/v7-m/nofp/libgcc.a
LOAD /home/Shivani/st/stm32cubeide_2.0.0/plugins/com.st.stm32cube.ide.mcu.externaltools.gnu-tools-for-stm32.13.3.rel1.linux64_1.0.100.202509120712/tools/bin/../lib/gcc/arm-none-eabi/13.3.1/../../../../arm-none-eabi/lib/thumb/v7-m/nofp/libc_nano.a
LOAD /home/Shivani/st/stm32cubeide_2.0.0/plugins/com.st.stm32cube.ide.mcu.externaltools.gnu-tools-for-stm32.13.3.rel1.linux64_1.0.100.202509120712/tools/bin/../lib/gcc/arm-none-eabi/13.3.1/../../../../arm-none-eabi/lib/thumb/v7-m/nofp/libnosys.a
END GROUP
START GROUP
LOAD /home/Shivani/st/stm32cubeide_2.0.0/plugins/com.st.stm32cube.ide.mcu.externaltools.gnu-tools-for-stm32.13.3.rel1.linux64_1.0.100.202509120712/tools/bin/../lib/gcc/arm-none-eabi/13.3.1/thumb/v7-m/nofp/libgcc.a
LOAD /home/Shivani/st/stm32cubeide_2.0.0/plugins/com.st.stm32cube.ide.mcu.externaltools.gnu-tools-for-stm32.13.3.rel1.linux64_1.0.100.202509120712/tools/bin/../lib/gcc/arm-none-eabi/13.3.1/../../../../arm-none-eabi/lib/thumb/v7-m/nofp/libc_nano.a
LOAD /home/Shivani/st/stm32cubeide_2.0.0/plugins/com.st.stm32cube.ide.mcu.externaltools.gnu-tools-for-stm32.13.3.rel1.linux64_1.0.100.202509120712/tools/bin/../lib/gcc/arm-none-eabi/13.3.1/../../../../arm-none-eabi/lib/thumb/v7-m/nofp/libnosys.a
END GROUP
LOAD /home/Shivani/st/stm32cubeide_2.0.0/plugins/com.st.stm32cube.ide.mcu.externaltools.gnu-tools-for-stm32.13.3.rel1.linux64_1.0.100.202509120712/tools/bin/../lib/gcc/arm-none-eabi/13.3.1/thumb/v7-m/nofp/crtend.o
LOAD /home/Shivani/st/stm32cubeide_2.0.0/plugins/com.st.stm32cube.ide.mcu.externaltools.gnu-tools-for-stm32.13.3.rel1.linux64_1.0.100.202509120712/tools/bin/../lib/gcc/arm-none-eabi/13.3.1/thumb/v7-m/nofp/crtn.o
                0x20005000                        _estack = (ORIGIN (RAM) + LENGTH (RAM))
                0x00000200                        _Min_Heap_Size = 0x200
                0x00000400                        _Min_Stack_Size = 0x400

.isr_vector     0x08004400      0x10c
                0x08004400                        . = ALIGN (0x4)
 *(.isr_vector)
 .isr_vector    0x08004400      0x10c ./Core/Startup/startup_stm32f103c8tx.o
                0x08004400                g_pfnVectors
                0x0800450c                        . = ALIGN (0x4)

.text           0x0800450c     0x55dc
                0x0800450c                        . = ALIGN (0x4)
 *(.text)
 .text          0x0800450c       0x40 /home/Shivani/st/stm32cubeide_2.0.0/plugins/com.st.stm32cube.ide.mcu.externaltools.gnu-tools-for-stm32.13.3.rel1.linux64_1.0.100.202509120712/tools/bin/../lib/gcc/arm-none-eabi/13.3.1/thumb/v7-m/nofp/crtbegin.o
 .text          0x0800454c       0x14 /home/Shivani/st/stm32cubeide_2.0.0/plugins/com.st.stm32cube.ide.mcu.externaltools.gnu-tools-for-stm32.13.3.rel1.linux64_1.0.100.202509120712/tools/bin/../lib/gcc/arm-none-eabi/13.3.1/../../../../arm-none-eabi/lib/thumb/v7-m/nofp/libc_nano.a(libc_a-strcmp.o)
                0x0800454c                strcmp
 .text          0x08004560       0x10 /home/Shivani/st/stm32cubeide_2.0.0/plugins/com.st.stm32cube.ide.mcu.externaltools.gnu-tools-for-stm32.13.3.rel1.linux64_1.0.100.202509120712/tools/bin/../lib/gcc/arm-none-eabi/13.3.1/../../../../arm-none-eabi/lib/thumb/v7-m/nofp/libc_nano.a(libc_a-strlen.o)
                0x08004560                strlen
 *(.text*)
 .text.ESP_DMA_GetWritePos
                0x08004570       0x20 ./Core/Src/ESP8266_STM32.o
                0x08004570                ESP_DMA_GetWritePos
 .text.ESP_DMA_Flush
                0x08004590       0x28 ./Core/Src/ESP8266_STM32.o
                0x08004590                ESP_DMA_Flush
 .text.ESP_Init
                0x080045b8       0x78 ./Core/Src/ESP8266_STM32.o
                0x080045b8                ESP_Init
 .text.ESP_SendCommand
                0x08004630      0x108 ./Core/Src/ESP8266_STM32.o
                0x08004630                ESP_SendCommand
 .text.ESP_GetIP
                0x08004738      0x140 ./Core/Src/ESP8266_STM32.o
 .text.ESP_ConnectWiFi
                0x08004878       0x6c ./Core/Src/ESP8266_STM32.o
                0x08004878                ESP_ConnectWiFi
 .text.erase_ota_flash
                0x080048e4       0x12 ./Core/Src/ESP8266_STM32.o
 *fill*         0x080048f6        0x2 
 .text.ota_write
                0x080048f8      0x1d8 ./Core/Src/ESP8266_STM32.o
 .text.ota_process_rx
                0x08004ad0      0x540 ./Core/Src/ESP8266_STM32.o
 .text.ota_pull_data
                0x08005010       0x9c ./Core/Src/ESP8266_STM32.o
                0x08005010                ota_pull_data
 .text.ESP8266_OTA_Task
                0x080050ac       0xa4 ./Core/Src/ESP8266_STM32.o
                0x080050ac                ESP8266_OTA_Task
 .text.ota_start
                0x08005150      0x1e0 ./Core/Src/ESP8266_STM32.o
                0x08005150                ota_start
 .text.ota_finalize
                0x08005330       0x40 ./Core/Src/ESP8266_STM32.o
 .text.ota_error
                0x08005370       0x44 ./Core/Src/ESP8266_STM32.o
 .text.W25Q_Delay
                0x080053b4       0x16 ./Core/Src/W25Qxx.o
                0x080053b4                W25Q_Delay
 *fill*         0x080053ca        0x2 
 .text.csLOW    0x080053cc       0x18 ./Core/Src/W25Qxx.o
                0x080053cc                csLOW
 .text.csHIGH   0x080053e4       0x18 ./Core/Src/W25Qxx.o
                0x080053e4                csHIGH
 .text.SPI_Write
                0x080053fc       0x3c ./Core/Src/W25Qxx.o
                0x080053fc                SPI_Write
 .text.SPI_Read
                0x08005438       0x4c ./Core/Src/W25Qxx.o
                0x08005438                SPI_Read
 .text.write_enable
                0x08005484       0x24 ./Core/Src/W25Qxx.o
 .text.write_disable
                0x080054a8       0x24 ./Core/Src/W25Qxx.o
 .text.W25Q_ReadStatus
                0x080054cc       0x30 ./Core/Src/W25Qxx.o
 .text.W25Q_WaitForWriteEnd
                0x080054fc       0x20 ./Core/Src/W25Qxx.o
 .text.W25Q_Reset
                0x0800551c       0x2e ./Core/Src/W25Qxx.o
                0x0800551c                W25Q_Reset
 .text.W25Q_Erase
                0x0800554a       0x7a ./Core/Src/W25Qxx.o
                0x0800554a                W25Q_Erase
 .text.W25Q_Write
                0x080055c4       0x96 ./Core/Src/W25Qxx.o
                0x080055c4                W25Q_Write
 .text.W25Q_FastRead
                0x0800565a       0xa0 ./Core/Src/W25Qxx.o
                0x0800565a                W25Q_FastRead
 *fill*         0x080056fa        0x2 
 .text.__NVIC_SystemReset
                0x080056fc       0x2c ./Core/Src/app_ota.o
 .text.enable_ota_request
                0x08005728       0x20 ./Core/Src/app_ota.o
                0x08005728                enable_ota_request
 .text.flash_erase_header
                0x08005748       0x30 ./Core/Src/flash_operations.o
                0x08005748                flash_erase_header
 .text.flash_write_word
                0x08005778       0x22 ./Core/Src/flash_operations.o
                0x08005778                flash_write_word
 *fill*         0x0800579a        0x2 
 .text.HAL_GPIO_EXTI_Callback
                0x0800579c       0x20 ./Core/Src/main.o
                0x0800579c                HAL_GPIO_EXTI_Callback
 .text.__io_putchar
                0x080057bc       0x24 ./Core/Src/main.o
                0x080057bc                __io_putchar
 .text.main     0x080057e0       0x98 ./Core/Src/main.o
                0x080057e0                main
 .text.SystemClock_Config
                0x08005878       0x8a ./Core/Src/main.o
                0x08005878                SystemClock_Config
 *fill*         0x08005902        0x2 
 .text.MX_SPI1_Init
                0x08005904       0x6c ./Core/Src/main.o
 .text.MX_USART1_UART_Init
                0x08005970       0x54 ./Core/Src/main.o
 .text.MX_USART2_UART_Init
                0x080059c4       0x54 ./Core/Src/main.o
 .text.MX_DMA_Init
                0x08005a18       0x3c ./Core/Src/main.o
 .text.MX_GPIO_Init
                0x08005a54       0xec ./Core/Src/main.o
 .text.Error_Handler
                0x08005b40        0xc ./Core/Src/main.o
                0x08005b40                Error_Handler
 .text.HAL_MspInit
                0x08005b4c       0x64 ./Core/Src/stm32f1xx_hal_msp.o
                0x08005b4c                HAL_MspInit
 .text.HAL_SPI_MspInit
                0x08005bb0       0x94 ./Core/Src/stm32f1xx_hal_msp.o
                0x08005bb0                HAL_SPI_MspInit
 .text.HAL_UART_MspInit
                0x08005c44      0x15c ./Core/Src/stm32f1xx_hal_msp.o
                0x08005c44                HAL_UART_MspInit
 .text.NMI_Handler
                0x08005da0        0x8 ./Core/Src/stm32f1xx_it.o
                0x08005da0                NMI_Handler
 .text.HardFault_Handler
                0x08005da8        0x8 ./Core/Src/stm32f1xx_it.o
                0x08005da8                HardFault_Handler
 .text.MemManage_Handler
                0x08005db0        0x8 ./Core/Src/stm32f1xx_it.o
                0x08005db0                MemManage_Handler
 .text.BusFault_Handler
                0x08005db8        0x8 ./Core/Src/stm32f1xx_it.o
                0x08005db8                BusFault_Handler
 .text.UsageFault_Handler
                0x08005dc0        0x8 ./Core/Src/stm32f1xx_it.o
                0x08005dc0                UsageFault_Handler
 .text.SVC_Handler
                0x08005dc8        0xc ./Core/Src/stm32f1xx_it.o
                0x08005dc8                SVC_Handler
 .text.DebugMon_Handler
                0x08005dd4        0xc ./Core/Src/stm32f1xx_it.o
                0x08005dd4                DebugMon_Handler
 .text.PendSV_Handler
                0x08005de0        0xc ./Core/Src/stm32f1xx_it.o
                0x08005de0                PendSV_Handler
 .text.SysTick_Handler
                0x08005dec        0xc ./Core/Src/stm32f1xx_it.o
                0x08005dec                SysTick_Handler
 .text.DMA1_Channel6_IRQHandler
                0x08005df8       0x14 ./Core/Src/stm32f1xx_it.o
                0x08005df8                DMA1_Channel6_IRQHandler
 .text.EXTI9_5_IRQHandler
                0x08005e0c       0x10 ./Core/Src/stm32f1xx_it.o
                0x08005e0c                EXTI9_5_IRQHandler
 .text._read    0x08005e1c       0x3a ./Core/Src/syscalls.o
                0x08005e1c                _read
 .text._write   0x08005e56       0x38 ./Core/Src/syscalls.o
                0x08005e56                _write
 .text._close   0x08005e8e       0x16 ./Core/Src/syscalls.o
                0x08005e8e                _close
 .text._fstat   0x08005ea4       0x1e ./Core/Src/syscalls.o
                0x08005ea4                _fstat
 .text._isatty  0x08005ec2       0x14 ./Core/Src/syscalls.o
                0x08005ec2                _isatty
 .text._lseek   0x08005ed6       0x18 ./Core/Src/syscalls.o
                0x08005ed6                _lseek
 *fill*         0x08005eee        0x2 
 .text._sbrk    0x08005ef0       0x6c ./Core/Src/sysmem.o
                0x08005ef0                _sbrk
 .text.SystemInit
                0x08005f5c        0xc ./Core/Src/system_stm32f1xx.o
                0x08005f5c                SystemInit
 .text.Reset_Handler
                0x08005f68       0x48 ./Core/Startup/startup_stm32f103c8tx.o
                0x08005f68                Reset_Handler
 .text.Default_Handler
                0x08005fb0        0x2 ./Core/Startup/startup_stm32f103c8tx.o
                0x08005fb0                RTC_Alarm_IRQHandler
                0x08005fb0                EXTI2_IRQHandler
                0x08005fb0                TIM1_CC_IRQHandler
                0x08005fb0                PVD_IRQHandler
                0x08005fb0                EXTI3_IRQHandler
                0x08005fb0                EXTI0_IRQHandler
                0x08005fb0                I2C2_EV_IRQHandler
                0x08005fb0                ADC1_2_IRQHandler
                0x08005fb0                SPI1_IRQHandler
                0x08005fb0                TAMPER_IRQHandler
                0x08005fb0                DMA1_Channel4_IRQHandler
                0x08005fb0                USART3_IRQHandler
                0x08005fb0                RTC_IRQHandler
                0x08005fb0                DMA1_Channel7_IRQHandler
                0x08005fb0                CAN1_RX1_IRQHandler
                0x08005fb0                TIM4_IRQHandler
                0x08005fb0                I2C1_EV_IRQHandler
                0x08005fb0                TIM3_IRQHandler
                0x08005fb0                RCC_IRQHandler
                0x08005fb0                TIM1_TRG_COM_IRQHandler
                0x08005fb0                DMA1_Channel1_IRQHandler
                0x08005fb0                Default_Handler
                0x08005fb0                EXTI15_10_IRQHandler
                0x08005fb0                SPI2_IRQHandler
                0x08005fb0                DMA1_Channel5_IRQHandler
                0x08005fb0                EXTI4_IRQHandler
                0x08005fb0                USB_LP_CAN1_RX0_IRQHandler
                0x08005fb0                USB_HP_CAN1_TX_IRQHandler
                0x08005fb0                DMA1_Channel3_IRQHandler
                0x08005fb0                TIM1_UP_IRQHandler
                0x08005fb0                WWDG_IRQHandler
                0x08005fb0                TIM2_IRQHandler
                0x08005fb0                TIM1_BRK_IRQHandler
                0x08005fb0                EXTI1_IRQHandler
                0x08005fb0                USART2_IRQHandler
                0x08005fb0                I2C2_ER_IRQHandler
                0x08005fb0                DMA1_Channel2_IRQHandler
                0x08005fb0                CAN1_SCE_IRQHandler
                0x08005fb0                FLASH_IRQHandler
                0x08005fb0                USART1_IRQHandler
                0x08005fb0                I2C1_ER_IRQHandler
                0x08005fb0                USBWakeUp_IRQHandler
 *fill*         0x08005fb2        0x2 
 .text.HAL_Init
                0x08005fb4       0x2c ./Drivers/STM32F1xx_HAL_Driver/Src/stm32f1xx_hal.o
                0x08005fb4                HAL_Init
 .text.HAL_InitTick
                0x08005fe0       0x60 ./Drivers/STM32F1xx_HAL_Driver/Src/stm32f1xx_hal.o
                0x08005fe0                HAL_InitTick
 .text.HAL_IncTick
                0x08006040       0x24 ./Drivers/STM32F1xx_HAL_Driver/Src/stm32f1xx_hal.o
                0x08006040                HAL_IncTick
 .text.HAL_GetTick
                0x08006064       0x14 ./Drivers/STM32F1xx_HAL_Driver/Src/stm32f1xx_hal.o
                0x08006064                HAL_GetTick
 .text.HAL_Delay
                0x08006078       0x48 ./Drivers/STM32F1xx_HAL_Driver/Src/stm32f1xx_hal.o
                0x08006078                HAL_Delay
 .text.__NVIC_SetPriorityGrouping
                0x080060c0       0x48 ./Drivers/STM32F1xx_HAL_Driver/Src/stm32f1xx_hal_cortex.o
 .text.__NVIC_GetPriorityGrouping
                0x08006108       0x1c ./Drivers/STM32F1xx_HAL_Driver/Src/stm32f1xx_hal_cortex.o
 .text.__NVIC_EnableIRQ
                0x08006124       0x38 ./Drivers/STM32F1xx_HAL_Driver/Src/stm32f1xx_hal_cortex.o
 .text.__NVIC_SetPriority
                0x0800615c       0x54 ./Drivers/STM32F1xx_HAL_Driver/Src/stm32f1xx_hal_cortex.o
 .text.NVIC_EncodePriority
                0x080061b0       0x64 ./Drivers/STM32F1xx_HAL_Driver/Src/stm32f1xx_hal_cortex.o
 .text.SysTick_Config
                0x08006214       0x44 ./Drivers/STM32F1xx_HAL_Driver/Src/stm32f1xx_hal_cortex.o
 .text.HAL_NVIC_SetPriorityGrouping
                0x08006258       0x16 ./Drivers/STM32F1xx_HAL_Driver/Src/stm32f1xx_hal_cortex.o
                0x08006258                HAL_NVIC_SetPriorityGrouping
 .text.HAL_NVIC_SetPriority
                0x0800626e       0x38 ./Drivers/STM32F1xx_HAL_Driver/Src/stm32f1xx_hal_cortex.o
                0x0800626e                HAL_NVIC_SetPriority
 .text.HAL_NVIC_EnableIRQ
                0x080062a6       0x1c ./Drivers/STM32F1xx_HAL_Driver/Src/stm32f1xx_hal_cortex.o
                0x080062a6                HAL_NVIC_EnableIRQ
 .text.HAL_SYSTICK_Config
                0x080062c2       0x18 ./Drivers/STM32F1xx_HAL_Driver/Src/stm32f1xx_hal_cortex.o
                0x080062c2                HAL_SYSTICK_Config
 *fill*         0x080062da        0x2 
 .text.HAL_DMA_Init
                0x080062dc       0xb4 ./Drivers/STM32F1xx_HAL_Driver/Src/stm32f1xx_hal_dma.o
                0x080062dc                HAL_DMA_Init
 .text.HAL_DMA_Start_IT
                0x08006390       0xc0 ./Drivers/STM32F1xx_HAL_Driver/Src/stm32f1xx_hal_dma.o
                0x08006390                HAL_DMA_Start_IT
 .text.HAL_DMA_IRQHandler
                0x08006450      0x20c ./Drivers/STM32F1xx_HAL_Driver/Src/stm32f1xx_hal_dma.o
                0x08006450                HAL_DMA_IRQHandler
 .text.DMA_SetConfig
                0x0800665c       0x5a ./Drivers/STM32F1xx_HAL_Driver/Src/stm32f1xx_hal_dma.o
 *fill*         0x080066b6        0x2 
 .text.HAL_FLASH_Program
                0x080066b8       0xe0 ./Drivers/STM32F1xx_HAL_Driver/Src/stm32f1xx_hal_flash.o
                0x080066b8                HAL_FLASH_Program
 .text.HAL_FLASH_Unlock
                0x08006798       0x4c ./Drivers/STM32F1xx_HAL_Driver/Src/stm32f1xx_hal_flash.o
                0x08006798                HAL_FLASH_Unlock
 .text.HAL_FLASH_Lock
                0x080067e4       0x20 ./Drivers/STM32F1xx_HAL_Driver/Src/stm32f1xx_hal_flash.o
                0x080067e4                HAL_FLASH_Lock
 .text.FLASH_Program_HalfWord
                0x08006804       0x38 ./Drivers/STM32F1xx_HAL_Driver/Src/stm32f1xx_hal_flash.o
 .text.FLASH_WaitForLastOperation
                0x0800683c       0x8c ./Drivers/STM32F1xx_HAL_Driver/Src/stm32f1xx_hal_flash.o
                0x0800683c                FLASH_WaitForLastOperation
 .text.FLASH_SetErrorCode
                0x080068c8       0xa0 ./Drivers/STM32F1xx_HAL_Driver/Src/stm32f1xx_hal_flash.o
 .text.HAL_FLASHEx_Erase
                0x08006968       0xd8 ./Drivers/STM32F1xx_HAL_Driver/Src/stm32f1xx_hal_flash_ex.o
                0x08006968                HAL_FLASHEx_Erase
 .text.FLASH_MassErase
                0x08006a40       0x38 ./Drivers/STM32F1xx_HAL_Driver/Src/stm32f1xx_hal_flash_ex.o
 .text.FLASH_PageErase
                0x08006a78       0x40 ./Drivers/STM32F1xx_HAL_Driver/Src/stm32f1xx_hal_flash_ex.o
                0x08006a78                FLASH_PageErase
 .text.HAL_GPIO_Init
                0x08006ab8      0x308 ./Drivers/STM32F1xx_HAL_Driver/Src/stm32f1xx_hal_gpio.o
                0x08006ab8                HAL_GPIO_Init
 .text.HAL_GPIO_WritePin
                0x08006dc0       0x30 ./Drivers/STM32F1xx_HAL_Driver/Src/stm32f1xx_hal_gpio.o
                0x08006dc0                HAL_GPIO_WritePin
 .text.HAL_GPIO_TogglePin
                0x08006df0       0x32 ./Drivers/STM32F1xx_HAL_Driver/Src/stm32f1xx_hal_gpio.o
                0x08006df0                HAL_GPIO_TogglePin
 *fill*         0x08006e22        0x2 
 .text.HAL_GPIO_EXTI_IRQHandler
                0x08006e24       0x30 ./Drivers/STM32F1xx_HAL_Driver/Src/stm32f1xx_hal_gpio.o
                0x08006e24                HAL_GPIO_EXTI_IRQHandler
 .text.HAL_RCC_OscConfig
                0x08006e54      0x504 ./Drivers/STM32F1xx_HAL_Driver/Src/stm32f1xx_hal_rcc.o
                0x08006e54                HAL_RCC_OscConfig
 .text.HAL_RCC_ClockConfig
                0x08007358      0x1d4 ./Drivers/STM32F1xx_HAL_Driver/Src/stm32f1xx_hal_rcc.o
                0x08007358                HAL_RCC_ClockConfig
 .text.HAL_RCC_GetSysClockFreq
                0x0800752c       0xa8 ./Drivers/STM32F1xx_HAL_Driver/Src/stm32f1xx_hal_rcc.o
                0x0800752c                HAL_RCC_GetSysClockFreq
 .text.HAL_RCC_GetHCLKFreq
                0x080075d4       0x14 ./Drivers/STM32F1xx_HAL_Driver/Src/stm32f1xx_hal_rcc.o
                0x080075d4                HAL_RCC_GetHCLKFreq
 .text.HAL_RCC_GetPCLK1Freq
                0x080075e8       0x28 ./Drivers/STM32F1xx_HAL_Driver/Src/stm32f1xx_hal_rcc.o
                0x080075e8                HAL_RCC_GetPCLK1Freq
 .text.HAL_RCC_GetPCLK2Freq
                0x08007610       0x28 ./Drivers/STM32F1xx_HAL_Driver/Src/stm32f1xx_hal_rcc.o
                0x08007610                HAL_RCC_GetPCLK2Freq
 .text.RCC_Delay
                0x08007638       0x3c ./Drivers/STM32F1xx_HAL_Driver/Src/stm32f1xx_hal_rcc.o
 .text.HAL_SPI_Init
                0x08007674      0x108 ./Drivers/STM32F1xx_HAL_Driver/Src/stm32f1xx_hal_spi.o
                0x08007674                HAL_SPI_Init
 .text.HAL_SPI_Transmit
                0x0800777c      0x288 ./Drivers/STM32F1xx_HAL_Driver/Src/stm32f1xx_hal_spi.o
                0x0800777c                HAL_SPI_Transmit
 .text.HAL_SPI_TransmitReceive
                0x08007a04      0x352 ./Drivers/STM32F1xx_HAL_Driver/Src/stm32f1xx_hal_spi.o
                0x08007a04                HAL_SPI_TransmitReceive
 .text.HAL_SPI_GetState
                0x08007d56       0x1a ./Drivers/STM32F1xx_HAL_Driver/Src/stm32f1xx_hal_spi.o
                0x08007d56                HAL_SPI_GetState
 .text.SPI_WaitFlagStateUntilTimeout
                0x08007d70      0x110 ./Drivers/STM32F1xx_HAL_Driver/Src/stm32f1xx_hal_spi.o
 .text.SPI_EndRxTxTransaction
                0x08007e80       0x62 ./Drivers/STM32F1xx_HAL_Driver/Src/stm32f1xx_hal_spi.o
 .text.HAL_UART_Init
                0x08007ee2       0xa0 ./Drivers/STM32F1xx_HAL_Driver/Src/stm32f1xx_hal_uart.o
                0x08007ee2                HAL_UART_Init
 .text.HAL_UART_Transmit
                0x08007f82      0x116 ./Drivers/STM32F1xx_HAL_Driver/Src/stm32f1xx_hal_uart.o
                0x08007f82                HAL_UART_Transmit
 .text.HAL_UART_Receive_DMA
                0x08008098       0x4a ./Drivers/STM32F1xx_HAL_Driver/Src/stm32f1xx_hal_uart.o
                0x08008098                HAL_UART_Receive_DMA
 .text.HAL_UART_RxCpltCallback
                0x080080e2       0x12 ./Drivers/STM32F1xx_HAL_Driver/Src/stm32f1xx_hal_uart.o
                0x080080e2                HAL_UART_RxCpltCallback
 .text.HAL_UART_RxHalfCpltCallback
                0x080080f4       0x12 ./Drivers/STM32F1xx_HAL_Driver/Src/stm32f1xx_hal_uart.o
                0x080080f4                HAL_UART_RxHalfCpltCallback
 .text.HAL_UART_ErrorCallback
                0x08008106       0x12 ./Drivers/STM32F1xx_HAL_Driver/Src/stm32f1xx_hal_uart.o
                0x08008106                HAL_UART_ErrorCallback
 .text.HAL_UARTEx_RxEventCallback
                0x08008118       0x16 ./Drivers/STM32F1xx_HAL_Driver/Src/stm32f1xx_hal_uart.o
                0x08008118                HAL_UARTEx_RxEventCallback
 .text.UART_DMAReceiveCplt
                0x0800812e      0x12c ./Drivers/STM32F1xx_HAL_Driver/Src/stm32f1xx_hal_uart.o
 .text.UART_DMARxHalfCplt
                0x0800825a       0x3c ./Drivers/STM32F1xx_HAL_Driver/Src/stm32f1xx_hal_uart.o
 .text.UART_DMAError
                0x08008296       0x94 ./Drivers/STM32F1xx_HAL_Driver/Src/stm32f1xx_hal_uart.o
 .text.UART_WaitOnFlagUntilTimeout
                0x0800832a       0xb2 ./Drivers/STM32F1xx_HAL_Driver/Src/stm32f1xx_hal_uart.o
 .text.UART_Start_Receive_DMA
                0x080083dc      0x134 ./Drivers/STM32F1xx_HAL_Driver/Src/stm32f1xx_hal_uart.o
                0x080083dc                UART_Start_Receive_DMA
 .text.UART_EndTxTransfer
                0x08008510       0x4e ./Drivers/STM32F1xx_HAL_Driver/Src/stm32f1xx_hal_uart.o
 .text.UART_EndRxTransfer
                0x0800855e       0xc4 ./Drivers/STM32F1xx_HAL_Driver/Src/stm32f1xx_hal_uart.o
 *fill*         0x08008622        0x2 
 .text.UART_SetConfig
                0x08008624      0x11c ./Drivers/STM32F1xx_HAL_Driver/Src/stm32f1xx_hal_uart.o
 .text.std      0x08008740       0x6c /home/Shivani/st/stm32cubeide_2.0.0/plugins/com.st.stm32cube.ide.mcu.externaltools.gnu-tools-for-stm32.13.3.rel1.linux64_1.0.100.202509120712/tools/bin/../lib/gcc/arm-none-eabi/13.3.1/../../../../arm-none-eabi/lib/thumb/v7-m/nofp/libc_nano.a(libc_a-findfp.o)
 .text.stdio_exit_handler
                0x080087ac       0x18 /home/Shivani/st/stm32cubeide_2.0.0/plugins/com.st.stm32cube.ide.mcu.externaltools.gnu-tools-for-stm32.13.3.rel1.linux64_1.0.100.202509120712/tools/bin/../lib/gcc/arm-none-eabi/13.3.1/../../../../arm-none-eabi/lib/thumb/v7-m/nofp/libc_nano.a(libc_a-findfp.o)
 .text.cleanup_stdio
                0x080087c4       0x40 /home/Shivani/st/stm32cubeide_2.0.0/plugins/com.st.stm32cube.ide.mcu.externaltools.gnu-tools-for-stm32.13.3.rel1.linux64_1.0.100.202509120712/tools/bin/../lib/gcc/arm-none-eabi/13.3.1/../../../../arm-none-eabi/lib/thumb/v7-m/nofp/libc_nano.a(libc_a-findfp.o)
 .text.global_stdio_init.part.0
                0x08008804       0x3c /home/Shivani/st/stm32cubeide_2.0.0/plugins/com.st.stm32cube.ide.mcu.externaltools.gnu-tools-for-stm32.13.3.rel1.linux64_1.0.100.202509120712/tools/bin/../lib/gcc/arm-none-eabi/13.3.1/../../../../arm-none-eabi/lib/thumb/v7-m/nofp/libc_nano.a(libc_a-findfp.o)
 .text.__sfp_lock_acquire
                0x08008840        0xc /home/Shivani/st/stm32cubeide_2.0.0/plugins/com.st.stm32cube.ide.mcu.externaltools.gnu-tools-for-stm32.13.3.rel1.linux64_1.0.100.202509120712/tools/bin/../lib/gcc/arm-none-eabi/13.3.1/../../../../arm-none-eabi/lib/thumb/v7-m/nofp/libc_nano.a(libc_a-findfp.o)
                0x08008840                __sfp_lock_acquire
 .text.__sfp_lock_release
                0x0800884c        0xc /home/Shivani/st/stm32cubeide_2.0.0/plugins/com.st.stm32cube.ide.mcu.externaltools.gnu-tools-for-stm32.13.3.rel1.linux64_1.0.100.202509120712/tools/bin/../lib/gcc/arm-none-eabi/13.3.1/../../../../arm-none-eabi/lib/thumb/v7-m/nofp/libc_nano.a(libc_a-findfp.o)
                0x0800884c                __sfp_lock_release
 .text.__sinit  0x08008858       0x30 /home/Shivani/st/stm32cubeide_2.0.0/plugins/com.st.stm32cube.ide.mcu.externaltools.gnu-tools-for-stm32.13.3.rel1.linux64_1.0.100.202509120712/tools/bin/../lib/gcc/arm-none-eabi/13.3.1/../../../../arm-none-eabi/lib/thumb/v7-m/nofp/libc_nano.a(libc_a-findfp.o)
                0x08008858                __sinit
 .text._fwalk_sglue
                0x08008888       0x3c /home/Shivani/st/stm32cubeide_2.0.0/plugins/com.st.stm32cube.ide.mcu.externaltools.gnu-tools-for-stm32.13.3.rel1.linux64_1.0.100.202509120712/tools/bin/../lib/gcc/arm-none-eabi/13.3.1/../../../../arm-none-eabi/lib/thumb/v7-m/nofp/libc_nano.a(libc_a-fwalk.o)
                0x08008888                _fwalk_sglue
 .text.printf   0x080088c4       0x24 /home/Shivani/st/stm32cubeide_2.0.0/plugins/com.st.stm32cube.ide.mcu.externaltools.gnu-tools-for-stm32.13.3.rel1.linux64_1.0.100.202509120712/tools/bin/../lib/gcc/arm-none-eabi/13.3.1/../../../../arm-none-eabi/lib/thumb/v7-m/nofp/libc_nano.a(libc_a-printf.o)
                0x080088c4                printf
                0x080088c4                iprintf
 .text._puts_r  0x080088e8       0xaa /home/Shivani/st/stm32cubeide_2.0.0/plugins/com.st.stm32cube.ide.mcu.externaltools.gnu-tools-for-stm32.13.3.rel1.linux64_1.0.100.202509120712/tools/bin/../lib/gcc/arm-none-eabi/13.3.1/../../../../arm-none-eabi/lib/thumb/v7-m/nofp/libc_nano.a(libc_a-puts.o)
                0x080088e8                _puts_r
 *fill*         0x08008992        0x2 
 .text.puts     0x08008994       0x10 /home/Shivani/st/stm32cubeide_2.0.0/plugins/com.st.stm32cube.ide.mcu.externaltools.gnu-tools-for-stm32.13.3.rel1.linux64_1.0.100.202509120712/tools/bin/../lib/gcc/arm-none-eabi/13.3.1/../../../../arm-none-eabi/lib/thumb/v7-m/nofp/libc_nano.a(libc_a-puts.o)
                0x08008994                puts
 .text.snprintf
                0x080089a4       0x6c /home/Shivani/st/stm32cubeide_2.0.0/plugins/com.st.stm32cube.ide.mcu.externaltools.gnu-tools-for-stm32.13.3.rel1.linux64_1.0.100.202509120712/tools/bin/../lib/gcc/arm-none-eabi/13.3.1/../../../../arm-none-eabi/lib/thumb/v7-m/nofp/libc_nano.a(libc_a-snprintf.o)
                0x080089a4                snprintf
                0x080089a4                sniprintf
 .text.__sread  0x08008a10       0x22 /home/Shivani/st/stm32cubeide_2.0.0/plugins/com.st.stm32cube.ide.mcu.externaltools.gnu-tools-for-stm32.13.3.rel1.linux64_1.0.100.202509120712/tools/bin/../lib/gcc/arm-none-eabi/13.3.1/../../../../arm-none-eabi/lib/thumb/v7-m/nofp/libc_nano.a(libc_a-stdio.o)
                0x08008a10                __sread
 .text.__swrite
                0x08008a32       0x38 /home/Shivani/st/stm32cubeide_2.0.0/plugins/com.st.stm32cube.ide.mcu.externaltools.gnu-tools-for-stm32.13.3.rel1.linux64_1.0.100.202509120712/tools/bin/../lib/gcc/arm-none-eabi/13.3.1/../../../../arm-none-eabi/lib/thumb/v7-m/nofp/libc_nano.a(libc_a-stdio.o)
                0x08008a32                __swrite
 .text.__sseek  0x08008a6a       0x24 /home/Shivani/st/stm32cubeide_2.0.0/plugins/com.st.stm32cube.ide.mcu.externaltools.gnu-tools-for-stm32.13.3.rel1.linux64_1.0.100.202509120712/tools/bin/../lib/gcc/arm-none-eabi/13.3.1/../../../../arm-none-eabi/lib/thumb/v7-m/nofp/libc_nano.a(libc_a-stdio.o)
                0x08008a6a                __sseek
 .text.__sclose
                0x08008a8e        0x8 /home/Shivani/st/stm32cubeide_2.0.0/plugins/com.st.stm32cube.ide.mcu.externaltools.gnu-tools-for-stm32.13.3.rel1.linux64_1.0.100.202509120712/tools/bin/../lib/gcc/arm-none-eabi/13.3.1/../../../../arm-none-eabi/lib/thumb/v7-m/nofp/libc_nano.a(libc_a-stdio.o)
                0x08008a8e                __sclose
 .text.__swbuf_r
                0x08008a96       0x7c /home/Shivani/st/stm32cubeide_2.0.0/plugins/com.st.stm32cube.ide.mcu.externaltools.gnu-tools-for-stm32.13.3.rel1.linux64_1.0.100.202509120712/tools/bin/../lib/gcc/arm-none-eabi/13.3.1/../../../../arm-none-eabi/lib/thumb/v7-m/nofp/libc_nano.a(libc_a-wbuf.o)
                0x08008a96                __swbuf_r
 *fill*         0x08008b12        0x2 
 .text.__swsetup_r
                0x08008b14       0xac /home/Shivani/st/stm32cubeide_2.0.0/plugins/com.st.stm32cube.ide.mcu.externaltools.gnu-tools-for-stm32.13.3.rel1.linux64_1.0.100.202509120712/tools/bin/../lib/gcc/arm-none-eabi/13.3.1/../../../../arm-none-eabi/lib/thumb/v7-m/nofp/libc_nano.a(libc_a-wsetup.o)
                0x08008b14                __swsetup_r
 .text.memcmp   0x08008bc0       0x20 /home/Shivani/st/stm32cubeide_2.0.0/plugins/com.st.stm32cube.ide.mcu.externaltools.gnu-tools-for-stm32.13.3.rel1.linux64_1.0.100.202509120712/tools/bin/../lib/gcc/arm-none-eabi/13.3.1/../../../../arm-none-eabi/lib/thumb/v7-m/nofp/libc_nano.a(libc_a-memcmp.o)
                0x08008bc0                memcmp
 .text.memset   0x08008be0       0x10 /home/Shivani/st/stm32cubeide_2.0.0/plugins/com.st.stm32cube.ide.mcu.externaltools.gnu-tools-for-stm32.13.3.rel1.linux64_1.0.100.202509120712/tools/bin/../lib/gcc/arm-none-eabi/13.3.1/../../../../arm-none-eabi/lib/thumb/v7-m/nofp/libc_nano.a(libc_a-memset.o)
                0x08008be0                memset
 .text.strchr   0x08008bf0       0x1a /home/Shivani/st/stm32cubeide_2.0.0/plugins/com.st.stm32cube.ide.mcu.externaltools.gnu-tools-for-stm32.13.3.rel1.linux64_1.0.100.202509120712/tools/bin/../lib/gcc/arm-none-eabi/13.3.1/../../../../arm-none-eabi/lib/thumb/v7-m/nofp/libc_nano.a(libc_a-strchr.o)
                0x08008bf0                strchr
 .text.strncpy  0x08008c0a       0x26 /home/Shivani/st/stm32cubeide_2.0.0/plugins/com.st.stm32cube.ide.mcu.externaltools.gnu-tools-for-stm32.13.3.rel1.linux64_1.0.100.202509120712/tools/bin/../lib/gcc/arm-none-eabi/13.3.1/../../../../arm-none-eabi/lib/thumb/v7-m/nofp/libc_nano.a(libc_a-strncpy.o)
                0x08008c0a                strncpy
 .text.strstr   0x08008c30       0x2c /home/Shivani/st/stm32cubeide_2.0.0/plugins/com.st.stm32cube.ide.mcu.externaltools.gnu-tools-for-stm32.13.3.rel1.linux64_1.0.100.202509120712/tools/bin/../lib/gcc/arm-none-eabi/13.3.1/../../../../arm-none-eabi/lib/thumb/v7-m/nofp/libc_nano.a(libc_a-strstr.o)
                0x08008c30                strstr
 .text._close_r
                0x08008c5c       0x20 /home/Shivani/st/stm32cubeide_2.0.0/plugins/com.st.stm32cube.ide.mcu.externaltools.gnu-tools-for-stm32.13.3.rel1.linux64_1.0.100.202509120712/tools/bin/../lib/gcc/arm-none-eabi/13.3.1/../../../../arm-none-eabi/lib/thumb/v7-m/nofp/libc_nano.a(libc_a-closer.o)
                0x08008c5c                _close_r
 .text._lseek_r
                0x08008c7c       0x24 /home/Shivani/st/stm32cubeide_2.0.0/plugins/com.st.stm32cube.ide.mcu.externaltools.gnu-tools-for-stm32.13.3.rel1.linux64_1.0.100.202509120712/tools/bin/../lib/gcc/arm-none-eabi/13.3.1/../../../../arm-none-eabi/lib/thumb/v7-m/nofp/libc_nano.a(libc_a-lseekr.o)
                0x08008c7c                _lseek_r
 .text._read_r  0x08008ca0       0x24 /home/Shivani/st/stm32cubeide_2.0.0/plugins/com.st.stm32cube.ide.mcu.externaltools.gnu-tools-for-stm32.13.3.rel1.linux64_1.0.100.202509120712/tools/bin/../lib/gcc/arm-none-eabi/13.3.1/../../../../arm-none-eabi/lib/thumb/v7-m/nofp/libc_nano.a(libc_a-readr.o)
                0x08008ca0                _read_r
 .text._write_r
                0x08008cc4       0x24 /home/Shivani/st/stm32cubeide_2.0.0/plugins/com.st.stm32cube.ide.mcu.externaltools.gnu-tools-for-stm32.13.3.rel1.linux64_1.0.100.202509120712/tools/bin/../lib/gcc/arm-none-eabi/13.3.1/../../../../arm-none-eabi/lib/thumb/v7-m/nofp/libc_nano.a(libc_a-writer.o)
                0x08008cc4                _write_r
 .text.__errno  0x08008ce8        0xc /home/Shivani/st/stm32cubeide_2.0.0/plugins/com.st.stm32cube.ide.mcu.externaltools.gnu-tools-for-stm32.13.3.rel1.linux64_1.0.100.202509120712/tools/bin/../lib/gcc/arm-none-eabi/13.3.1/../../../../arm-none-eabi/lib/thumb/v7-m/nofp/libc_nano.a(libc_a-errno.o)
                0x08008ce8                __errno
 .text.__libc_init_array
                0x08008cf4       0x48 /home/Shivani/st/stm32cubeide_2.0.0/plugins/com.st.stm32cube.ide.mcu.externaltools.gnu-tools-for-stm32.13.3.rel1.linux64_1.0.100.202509120712/tools/bin/../lib/gcc/arm-none-eabi/13.3.1/../../../../arm-none-eabi/lib/thumb/v7-m/nofp/libc_nano.a(libc_a-init.o)
                0x08008cf4                __libc_init_array
 .text.__retarget_lock_init_recursive
                0x08008d3c        0x2 /home/Shivani/st/stm32cubeide_2.0.0/plugins/com.st.stm32cube.ide.mcu.externaltools.gnu-tools-for-stm32.13.3.rel1.linux64_1.0.100.202509120712/tools/bin/../lib/gcc/arm-none-eabi/13.3.1/../../../../arm-none-eabi/lib/thumb/v7-m/nofp/libc_nano.a(libc_a-lock.o)
                0x08008d3c                __retarget_lock_init_recursive
 .text.__retarget_lock_acquire_recursive
                0x08008d3e        0x2 /home/Shivani/st/stm32cubeide_2.0.0/plugins/com.st.stm32cube.ide.mcu.externaltools.gnu-tools-for-stm32.13.3.rel1.linux64_1.0.100.202509120712/tools/bin/../lib/gcc/arm-none-eabi/13.3.1/../../../../arm-none-eabi/lib/thumb/v7-m/nofp/libc_nano.a(libc_a-lock.o)
                0x08008d3e                __retarget_lock_acquire_recursive
 .text.__retarget_lock_release_recursive
                0x08008d40        0x2 /home/Shivani/st/stm32cubeide_2.0.0/plugins/com.st.stm32cube.ide.mcu.externaltools.gnu-tools-for-stm32.13.3.rel1.linux64_1.0.100.202509120712/tools/bin/../lib/gcc/arm-none-eabi/13.3.1/../../../../arm-none-eabi/lib/thumb/v7-m/nofp/libc_nano.a(libc_a-lock.o)
                0x08008d40                __retarget_lock_release_recursive
 .text.memcpy   0x08008d42       0x1c /home/Shivani/st/stm32cubeide_2.0.0/plugins/com.st.stm32cube.ide.mcu.externaltools.gnu-tools-for-stm32.13.3.rel1.linux64_1.0.100.202509120712/tools/bin/../lib/gcc/arm-none-eabi/13.3.1/../../../../arm-none-eabi/lib/thumb/v7-m/nofp/libc_nano.a(libc_a-memcpy-stub.o)
                0x08008d42                memcpy
 *fill*         0x08008d5e        0x2 
 .text._free_r  0x08008d60       0x90 /home/Shivani/st/stm32cubeide_2.0.0/plugins/com.st.stm32cube.ide.mcu.externaltools.gnu-tools-for-stm32.13.3.rel1.linux64_1.0.100.202509120712/tools/bin/../lib/gcc/arm-none-eabi/13.3.1/../../../../arm-none-eabi/lib/thumb/v7-m/nofp/libc_nano.a(libc_a-freer.o)
                0x08008d60                _free_r
 .text.sbrk_aligned
                0x08008df0       0x44 /home/Shivani/st/stm32cubeide_2.0.0/plugins/com.st.stm32cube.ide.mcu.externaltools.gnu-tools-for-stm32.13.3.rel1.linux64_1.0.100.202509120712/tools/bin/../lib/gcc/arm-none-eabi/13.3.1/../../../../arm-none-eabi/lib/thumb/v7-m/nofp/libc_nano.a(libc_a-mallocr.o)
 .text._malloc_r
                0x08008e34      0x100 /home/Shivani/st/stm32cubeide_2.0.0/plugins/com.st.stm32cube.ide.mcu.externaltools.gnu-tools-for-stm32.13.3.rel1.linux64_1.0.100.202509120712/tools/bin/../lib/gcc/arm-none-eabi/13.3.1/../../../../arm-none-eabi/lib/thumb/v7-m/nofp/libc_nano.a(libc_a-mallocr.o)
                0x08008e34                _malloc_r
 .text.__malloc_lock
                0x08008f34        0xc /home/Shivani/st/stm32cubeide_2.0.0/plugins/com.st.stm32cube.ide.mcu.externaltools.gnu-tools-for-stm32.13.3.rel1.linux64_1.0.100.202509120712/tools/bin/../lib/gcc/arm-none-eabi/13.3.1/../../../../arm-none-eabi/lib/thumb/v7-m/nofp/libc_nano.a(libc_a-mlock.o)
                0x08008f34                __malloc_lock
 .text.__malloc_unlock
                0x08008f40        0xc /home/Shivani/st/stm32cubeide_2.0.0/plugins/com.st.stm32cube.ide.mcu.externaltools.gnu-tools-for-stm32.13.3.rel1.linux64_1.0.100.202509120712/tools/bin/../lib/gcc/arm-none-eabi/13.3.1/../../../../arm-none-eabi/lib/thumb/v7-m/nofp/libc_nano.a(libc_a-mlock.o)
                0x08008f40                __malloc_unlock
 .text.__ssputs_r
                0x08008f4c       0xb6 /home/Shivani/st/stm32cubeide_2.0.0/plugins/com.st.stm32cube.ide.mcu.externaltools.gnu-tools-for-stm32.13.3.rel1.linux64_1.0.100.202509120712/tools/bin/../lib/gcc/arm-none-eabi/13.3.1/../../../../arm-none-eabi/lib/thumb/v7-m/nofp/libc_nano.a(libc_a-nano-svfprintf.o)
                0x08008f4c                __ssputs_r
 *fill*         0x08009002        0x2 
 .text._svfprintf_r
                0x08009004      0x1f8 /home/Shivani/st/stm32cubeide_2.0.0/plugins/com.st.stm32cube.ide.mcu.externaltools.gnu-tools-for-stm32.13.3.rel1.linux64_1.0.100.202509120712/tools/bin/../lib/gcc/arm-none-eabi/13.3.1/../../../../arm-none-eabi/lib/thumb/v7-m/nofp/libc_nano.a(libc_a-nano-svfprintf.o)
                0x08009004                _svfprintf_r
                0x08009004                _svfiprintf_r
 .text.__sfputc_r
                0x080091fc       0x2a /home/Shivani/st/stm32cubeide_2.0.0/plugins/com.st.stm32cube.ide.mcu.externaltools.gnu-tools-for-stm32.13.3.rel1.linux64_1.0.100.202509120712/tools/bin/../lib/gcc/arm-none-eabi/13.3.1/../../../../arm-none-eabi/lib/thumb/v7-m/nofp/libc_nano.a(libc_a-nano-vfprintf.o)
 .text.__sfputs_r
                0x08009226       0x24 /home/Shivani/st/stm32cubeide_2.0.0/plugins/com.st.stm32cube.ide.mcu.externaltools.gnu-tools-for-stm32.13.3.rel1.linux64_1.0.100.202509120712/tools/bin/../lib/gcc/arm-none-eabi/13.3.1/../../../../arm-none-eabi/lib/thumb/v7-m/nofp/libc_nano.a(libc_a-nano-vfprintf.o)
                0x08009226                __sfputs_r
 *fill*         0x0800924a        0x2 
 .text._vfprintf_r
                0x0800924c      0x230 /home/Shivani/st/stm32cubeide_2.0.0/plugins/com.st.stm32cube.ide.mcu.externaltools.gnu-tools-for-stm32.13.3.rel1.linux64_1.0.100.202509120712/tools/bin/../lib/gcc/arm-none-eabi/13.3.1/../../../../arm-none-eabi/lib/thumb/v7-m/nofp/libc_nano.a(libc_a-nano-vfprintf.o)
                0x0800924c                _vfiprintf_r
                0x0800924c                _vfprintf_r
 .text._printf_common
                0x0800947c       0xe4 /home/Shivani/st/stm32cubeide_2.0.0/plugins/com.st.stm32cube.ide.mcu.externaltools.gnu-tools-for-stm32.13.3.rel1.linux64_1.0.100.202509120712/tools/bin/../lib/gcc/arm-none-eabi/13.3.1/../../../../arm-none-eabi/lib/thumb/v7-m/nofp/libc_nano.a(libc_a-nano-vfprintf_i.o)
                0x0800947c                _printf_common
 .text._printf_i
                0x08009560      0x23c /home/Shivani/st/stm32cubeide_2.0.0/plugins/com.st.stm32cube.ide.mcu.externaltools.gnu-tools-for-stm32.13.3.rel1.linux64_1.0.100.202509120712/tools/bin/../lib/gcc/arm-none-eabi/13.3.1/../../../../arm-none-eabi/lib/thumb/v7-m/nofp/libc_nano.a(libc_a-nano-vfprintf_i.o)
                0x08009560                _printf_i
 .text.__sflush_r
                0x0800979c      0x100 /home/Shivani/st/stm32cubeide_2.0.0/plugins/com.st.stm32cube.ide.mcu.externaltools.gnu-tools-for-stm32.13.3.rel1.linux64_1.0.100.202509120712/tools/bin/../lib/gcc/arm-none-eabi/13.3.1/../../../../arm-none-eabi/lib/thumb/v7-m/nofp/libc_nano.a(libc_a-fflush.o)
                0x0800979c                __sflush_r
 .text._fflush_r
                0x0800989c       0x50 /home/Shivani/st/stm32cubeide_2.0.0/plugins/com.st.stm32cube.ide.mcu.externaltools.gnu-tools-for-stm32.13.3.rel1.linux64_1.0.100.202509120712/tools/bin/../lib/gcc/arm-none-eabi/13.3.1/../../../../arm-none-eabi/lib/thumb/v7-m/nofp/libc_nano.a(libc_a-fflush.o)
                0x0800989c                _fflush_r
 .text.__swhatbuf_r
                0x080098ec       0x4a /home/Shivani/st/stm32cubeide_2.0.0/plugins/com.st.stm32cube.ide.mcu.externaltools.gnu-tools-for-stm32.13.3.rel1.linux64_1.0.100.202509120712/tools/bin/../lib/gcc/arm-none-eabi/13.3.1/../../../../arm-none-eabi/lib/thumb/v7-m/nofp/libc_nano.a(libc_a-makebuf.o)
                0x080098ec                __swhatbuf_r
 .text.__smakebuf_r
                0x08009936       0x78 /home/Shivani/st/stm32cubeide_2.0.0/plugins/com.st.stm32cube.ide.mcu.externaltools.gnu-tools-for-stm32.13.3.rel1.linux64_1.0.100.202509120712/tools/bin/../lib/gcc/arm-none-eabi/13.3.1/../../../../arm-none-eabi/lib/thumb/v7-m/nofp/libc_nano.a(libc_a-makebuf.o)
                0x08009936                __smakebuf_r
 .text.memmove  0x080099ae       0x34 /home/Shivani/st/stm32cubeide_2.0.0/plugins/com.st.stm32cube.ide.mcu.externaltools.gnu-tools-for-stm32.13.3.rel1.linux64_1.0.100.202509120712/tools/bin/../lib/gcc/arm-none-eabi/13.3.1/../../../../arm-none-eabi/lib/thumb/v7-m/nofp/libc_nano.a(libc_a-memmove.o)
                0x080099ae                memmove
 *fill*         0x080099e2        0x2 
 .text._fstat_r
                0x080099e4       0x24 /home/Shivani/st/stm32cubeide_2.0.0/plugins/com.st.stm32cube.ide.mcu.externaltools.gnu-tools-for-stm32.13.3.rel1.linux64_1.0.100.202509120712/tools/bin/../lib/gcc/arm-none-eabi/13.3.1/../../../../arm-none-eabi/lib/thumb/v7-m/nofp/libc_nano.a(libc_a-fstatr.o)
                0x080099e4                _fstat_r
 .text._isatty_r
                0x08009a08       0x20 /home/Shivani/st/stm32cubeide_2.0.0/plugins/com.st.stm32cube.ide.mcu.externaltools.gnu-tools-for-stm32.13.3.rel1.linux64_1.0.100.202509120712/tools/bin/../lib/gcc/arm-none-eabi/13.3.1/../../../../arm-none-eabi/lib/thumb/v7-m/nofp/libc_nano.a(libc_a-isattyr.o)
                0x08009a08                _isatty_r
 .text._sbrk_r  0x08009a28       0x20 /home/Shivani/st/stm32cubeide_2.0.0/plugins/com.st.stm32cube.ide.mcu.externaltools.gnu-tools-for-stm32.13.3.rel1.linux64_1.0.100.202509120712/tools/bin/../lib/gcc/arm-none-eabi/13.3.1/../../../../arm-none-eabi/lib/thumb/v7-m/nofp/libc_nano.a(libc_a-sbrkr.o)
                0x08009a28                _sbrk_r
 .text.memchr   0x08009a48       0x1c /home/Shivani/st/stm32cubeide_2.0.0/plugins/com.st.stm32cube.ide.mcu.externaltools.gnu-tools-for-stm32.13.3.rel1.linux64_1.0.100.202509120712/tools/bin/../lib/gcc/arm-none-eabi/13.3.1/../../../../arm-none-eabi/lib/thumb/v7-m/nofp/libc_nano.a(libc_a-memchr-stub.o)
                0x08009a48                memchr
 .text._realloc_r
                0x08009a64       0x5c /home/Shivani/st/stm32cubeide_2.0.0/plugins/com.st.stm32cube.ide.mcu.externaltools.gnu-tools-for-stm32.13.3.rel1.linux64_1.0.100.202509120712/tools/bin/../lib/gcc/arm-none-eabi/13.3.1/../../../../arm-none-eabi/lib/thumb/v7-m/nofp/libc_nano.a(libc_a-reallocr.o)
                0x08009a64                _realloc_r
 .text._malloc_usable_size_r
                0x08009ac0       0x10 /home/Shivani/st/stm32cubeide_2.0.0/plugins/com.st.stm32cube.ide.mcu.externaltools.gnu-tools-for-stm32.13.3.rel1.linux64_1.0.100.202509120712/tools/bin/../lib/gcc/arm-none-eabi/13.3.1/../../../../arm-none-eabi/lib/thumb/v7-m/nofp/libc_nano.a(libc_a-msizer.o)
                0x08009ac0                _malloc_usable_size_r
 *(.glue_7)
 .glue_7        0x08009ad0        0x0 linker stubs
 *(.glue_7t)
 .glue_7t       0x08009ad0        0x0 linker stubs
 *(.eh_frame)
 .eh_frame      0x08009ad0        0x0 /home/Shivani/st/stm32cubeide_2.0.0/plugins/com.st.stm32cube.ide.mcu.externaltools.gnu-tools-for-stm32.13.3.rel1.linux64_1.0.100.202509120712/tools/bin/../lib/gcc/arm-none-eabi/13.3.1/thumb/v7-m/nofp/crtbegin.o
 *(.init)
 .init          0x08009ad0        0x4 /home/Shivani/st/stm32cubeide_2.0.0/plugins/com.st.stm32cube.ide.mcu.externaltools.gnu-tools-for-stm32.13.3.rel1.linux64_1.0.100.202509120712/tools/bin/../lib/gcc/arm-none-eabi/13.3.1/thumb/v7-m/nofp/crti.o
                0x08009ad0                _init
 .init          0x08009ad4        0x8 /home/Shivani/st/stm32cubeide_2.0.0/plugins/com.st.stm32cube.ide.mcu.externaltools.gnu-tools-for-stm32.13.3.rel1.linux64_1.0.100.202509120712/tools/bin/../lib/gcc/arm-none-eabi/13.3.1/thumb/v7-m/nofp/crtn.o
 *(.fini)
 .fini          0x08009adc        0x4 /home/Shivani/st/stm32cubeide_2.0.0/plugins/com.st.stm32cube.ide.mcu.externaltools.gnu-tools-for-stm32.13.3.rel1.linux64_1.0.100.202509120712/tools/bin/../lib/gcc/arm-none-eabi/13.3.1/thumb/v7-m/nofp/crti.o
                0x08009adc                _fini
 .fini          0x08009ae0        0x8 /home/Shivani/st/stm32cubeide_2.0.0/plugins/com.st.stm32cube.ide.mcu.externaltools.gnu-tools-for-stm32.13.3.rel1.linux64_1.0.100.202509120712/tools/bin/../lib/gcc/arm-none-eabi/13.3.1/thumb/v7-m/nofp/crtn.o
                0x08009ae8                        . = ALIGN (0x4)
                0x08009ae8                        _etext = .

.vfp11_veneer   0x08009ae8        0x0
 .vfp11_veneer  0x08009ae8        0x0 linker stubs

.v4_bx          0x08009ae8        0x0
 .v4_bx         0x08009ae8        0x0 linker stubs

.iplt           0x08009ae8        0x0
 .iplt          0x08009ae8        0x0 /home/Shivani/st/stm32cubeide_2.0.0/plugins/com.st.stm32cube.ide.mcu.externaltools.gnu-tools-for-stm32.13.3.rel1.linux64_1.0.100.202509120712/tools/bin/../lib/gcc/arm-none-eabi/13.3.1/thumb/v7-m/nofp/crtbegin.o

.rodata         0x08009ae8      0x86c
                0x08009ae8                        . = ALIGN (0x4)
 *(.rodata)
 .rodata        0x08009ae8      0x7e8 ./Core/Src/ESP8266_STM32.o
 .rodata        0x0800a2d0       0x21 ./Core/Src/main.o
 *(.rodata*)
 *fill*         0x0800a2f1        0x3 
 .rodata.AHBPrescTable
                0x0800a2f4       0x10 ./Core/Src/system_stm32f1xx.o
                0x0800a2f4                AHBPrescTable
 .rodata.APBPrescTable
                0x0800a304        0x8 ./Core/Src/system_stm32f1xx.o
                0x0800a304                APBPrescTable
 .rodata.aPLLMULFactorTable.1
                0x0800a30c       0x10 ./Drivers/STM32F1xx_HAL_Driver/Src/stm32f1xx_hal_rcc.o
 .rodata.aPredivFactorTable.0
                0x0800a31c        0x2 ./Drivers/STM32F1xx_HAL_Driver/Src/stm32f1xx_hal_rcc.o
 .rodata._svfprintf_r.str1.1
                0x0800a31e       0x33 /home/Shivani/st/stm32cubeide_2.0.0/plugins/com.st.stm32cube.ide.mcu.externaltools.gnu-tools-for-stm32.13.3.rel1.linux64_1.0.100.202509120712/tools/bin/../lib/gcc/arm-none-eabi/13.3.1/../../../../arm-none-eabi/lib/thumb/v7-m/nofp/libc_nano.a(libc_a-nano-svfprintf.o)
                                 0x11 (size before relaxing)
 .rodata._vfprintf_r.str1.1
                0x0800a351        0x0 /home/Shivani/st/stm32cubeide_2.0.0/plugins/com.st.stm32cube.ide.mcu.externaltools.gnu-tools-for-stm32.13.3.rel1.linux64_1.0.100.202509120712/tools/bin/../lib/gcc/arm-none-eabi/13.3.1/../../../../arm-none-eabi/lib/thumb/v7-m/nofp/libc_nano.a(libc_a-nano-vfprintf.o)
                                 0x11 (size before relaxing)
 .rodata._printf_i.str1.1
                0x0800a351        0x0 /home/Shivani/st/stm32cubeide_2.0.0/plugins/com.st.stm32cube.ide.mcu.externaltools.gnu-tools-for-stm32.13.3.rel1.linux64_1.0.100.202509120712/tools/bin/../lib/gcc/arm-none-eabi/13.3.1/../../../../arm-none-eabi/lib/thumb/v7-m/nofp/libc_nano.a(libc_a-nano-vfprintf_i.o)
                                 0x22 (size before relaxing)
                0x0800a354                        . = ALIGN (0x4)
 *fill*         0x0800a351        0x3 

.ARM.extab      0x0800a354        0x0
                0x0800a354                        . = ALIGN (0x4)
 *(.ARM.extab* .gnu.linkonce.armextab.*)
                0x0800a354                        . = ALIGN (0x4)

.ARM            0x0800a354        0x8
                0x0800a354                        . = ALIGN (0x4)
                0x0800a354                        __exidx_start = .
 *(.ARM.exidx*)
 .ARM.exidx     0x0800a354        0x8 /home/Shivani/st/stm32cubeide_2.0.0/plugins/com.st.stm32cube.ide.mcu.externaltools.gnu-tools-for-stm32.13.3.rel1.linux64_1.0.100.202509120712/tools/bin/../lib/gcc/arm-none-eabi/13.3.1/../../../../arm-none-eabi/lib/thumb/v7-m/nofp/libc_nano.a(libc_a-strcmp.o)
 .ARM.exidx     0x0800a35c        0x0 /home/Shivani/st/stm32cubeide_2.0.0/plugins/com.st.stm32cube.ide.mcu.externaltools.gnu-tools-for-stm32.13.3.rel1.linux64_1.0.100.202509120712/tools/bin/../lib/gcc/arm-none-eabi/13.3.1/../../../../arm-none-eabi/lib/thumb/v7-m/nofp/libc_nano.a(libc_a-strlen.o)
                                  0x8 (size before relaxing)
                0x0800a35c                        __exidx_end = .
                0x0800a35c                        . = ALIGN (0x4)

.preinit_array  0x0800a35c        0x0
                0x0800a35c                        . = ALIGN (0x4)
                0x0800a35c                        PROVIDE (__preinit_array_start = .)
 *(.preinit_array*)
                0x0800a35c                        PROVIDE (__preinit_array_end = .)
                0x0800a35c                        . = ALIGN (0x4)

.init_array     0x0800a35c        0x4
                0x0800a35c                        . = ALIGN (0x4)
                0x0800a35c                        PROVIDE (__init_array_start = .)
 *(SORT_BY_NAME(.init_array.*))
 *(.init_array*)
 .init_array    0x0800a35c        0x4 /home/Shivani/st/stm32cubeide_2.0.0/plugins/com.st.stm32cube.ide.mcu.externaltools.gnu-tools-for-stm32.13.3.rel1.linux64_1.0.100.202509120712/tools/bin/../lib/gcc/arm-none-eabi/13.3.1/thumb/v7-m/nofp/crtbegin.o
                0x0800a360                        PROVIDE (__init_array_end = .)
                0x0800a360                        . = ALIGN (0x4)

.fini_array     0x0800a360        0x4
                0x0800a360                        . = ALIGN (0x4)
                [!provide]                        PROVIDE (__fini_array_start = .)
 *(SORT_BY_NAME(.fini_array.*))
 *(.fini_array*)
 .fini_array    0x0800a360        0x4 /home/Shivani/st/stm32cubeide_2.0.0/plugins/com.st.stm32cube.ide.mcu.externaltools.gnu-tools-for-stm32.13.3.rel1.linux64_1.0.100.202509120712/tools/bin/../lib/gcc/arm-none-eabi/13.3.1/thumb/v7-m/nofp/crtbegin.o
                [!provide]                        PROVIDE (__fini_array_end = .)
                0x0800a364                        . = ALIGN (0x4)
                0x0800a364                        _sidata = LOADADDR (.data)

.rel.dyn        0x0800a364        0x0
 .rel.iplt      0x0800a364        0x0 /home/Shivani/st/stm32cubeide_2.0.0/plugins/com.st.stm32cube.ide.mcu.externaltools.gnu-tools-for-stm32.13.3.rel1.linux64_1.0.100.202509120712/tools/bin/../lib/gcc/arm-none-eabi/13.3.1/thumb/v7-m/nofp/crtbegin.o

.data           0x20000000       0x68 load address 0x0800a364
                0x20000000                        . = ALIGN (0x4)
                0x20000000                        _sdata = .
 *(.data)
 *(.data*)
 .data.SystemCoreClock
                0x20000000        0x4 ./Core/Src/system_stm32f1xx.o
                0x20000000                SystemCoreClock
 .data.uwTickPrio
                0x20000004        0x4 ./Drivers/STM32F1xx_HAL_Driver/Src/stm32f1xx_hal.o
                0x20000004                uwTickPrio
 .data.uwTickFreq
                0x20000008        0x1 ./Drivers/STM32F1xx_HAL_Driver/Src/stm32f1xx_hal.o
                0x20000008                uwTickFreq
 *fill*         0x20000009        0x3 
 .data.__sglue  0x2000000c        0xc /home/Shivani/st/stm32cubeide_2.0.0/plugins/com.st.stm32cube.ide.mcu.externaltools.gnu-tools-for-stm32.13.3.rel1.linux64_1.0.100.202509120712/tools/bin/../lib/gcc/arm-none-eabi/13.3.1/../../../../arm-none-eabi/lib/thumb/v7-m/nofp/libc_nano.a(libc_a-findfp.o)
                0x2000000c                __sglue
 .data._impure_ptr
                0x20000018        0x4 /home/Shivani/st/stm32cubeide_2.0.0/plugins/com.st.stm32cube.ide.mcu.externaltools.gnu-tools-for-stm32.13.3.rel1.linux64_1.0.100.202509120712/tools/bin/../lib/gcc/arm-none-eabi/13.3.1/../../../../arm-none-eabi/lib/thumb/v7-m/nofp/libc_nano.a(libc_a-impure.o)
                0x20000018                _impure_ptr
 .data._impure_data
                0x2000001c       0x4c /home/Shivani/st/stm32cubeide_2.0.0/plugins/com.st.stm32cube.ide.mcu.externaltools.gnu-tools-for-stm32.13.3.rel1.linux64_1.0.100.202509120712/tools/bin/../lib/gcc/arm-none-eabi/13.3.1/../../../../arm-none-eabi/lib/thumb/v7-m/nofp/libc_nano.a(libc_a-impure.o)
                0x2000001c                _impure_data
 *(.RamFunc)
 *(.RamFunc*)
                0x20000068                        . = ALIGN (0x4)
                0x20000068                        _edata = .

.igot.plt       0x20000068        0x0 load address 0x0800a3cc
 .igot.plt      0x20000068        0x0 /home/Shivani/st/stm32cubeide_2.0.0/plugins/com.st.stm32cube.ide.mcu.externaltools.gnu-tools-for-stm32.13.3.rel1.linux64_1.0.100.202509120712/tools/bin/../lib/gcc/arm-none-eabi/13.3.1/thumb/v7-m/nofp/crtbegin.o
                0x20000068                        . = ALIGN (0x4)

.bss            0x20000068     0x1104 load address 0x0800a3cc
                0x20000068                        _sbss = .
                0x20000068                        __bss_start__ = _sbss
 *(.bss)
 .bss           0x20000068       0x1c /home/Shivani/st/stm32cubeide_2.0.0/plugins/com.st.stm32cube.ide.mcu.externaltools.gnu-tools-for-stm32.13.3.rel1.linux64_1.0.100.202509120712/tools/bin/../lib/gcc/arm-none-eabi/13.3.1/thumb/v7-m/nofp/crtbegin.o
 *(.bss*)
 .bss.ESP_ConnState
                0x20000084        0x1 ./Core/Src/ESP8266_STM32.o
                0x20000084                ESP_ConnState
 .bss.ota_active
                0x20000085        0x1 ./Core/Src/ESP8266_STM32.o
                0x20000085                ota_active
 *fill*         0x20000086        0x2 
 .bss.esp_dma_rx_buf
                0x20000088      0x400 ./Core/Src/ESP8266_STM32.o
                0x20000088                esp_dma_rx_buf
 .bss.esp_dma_rx_head
                0x20000488        0x2 ./Core/Src/ESP8266_STM32.o
                0x20000488                esp_dma_rx_head
 *fill*         0x2000048a        0x2 
 .bss.esp_rx_buffer
                0x2000048c      0x800 ./Core/Src/ESP8266_STM32.o
                0x2000048c                esp_rx_buffer
 .bss.ota_state
                0x20000c8c        0x1 ./Core/Src/ESP8266_STM32.o
 *fill*         0x20000c8d        0x3 
 .bss.ota_rx_buf
                0x20000c90      0x200 ./Core/Src/ESP8266_STM32.o
 .bss.flash_offset
                0x20000e90        0x4 ./Core/Src/ESP8266_STM32.o
 .bss.bytes_received
                0x20000e94        0x4 ./Core/Src/ESP8266_STM32.o
 .bss.header_received
                0x20000e98        0x1 ./Core/Src/ESP8266_STM32.o
 .bss.flash_erased
                0x20000e99        0x1 ./Core/Src/ESP8266_STM32.o
 *fill*         0x20000e9a        0x2 
 .bss.actually_written
                0x20000e9c        0x4 ./Core/Src/ESP8266_STM32.o
 .bss.in_ipd_payload
                0x20000ea0        0x1 ./Core/Src/ESP8266_STM32.o
 *fill*         0x20000ea1        0x3 
 .bss.ipd_remaining
                0x20000ea4        0x4 ./Core/Src/ESP8266_STM32.o
 .bss.last_progress_tick
                0x20000ea8        0x4 ./Core/Src/ESP8266_STM32.o
 .bss.last_bytes_received
                0x20000eac        0x4 ./Core/Src/ESP8266_STM32.o
 .bss.bytes_in_chunk
                0x20000eb0        0x4 ./Core/Src/ESP8266_STM32.o
 .bss.ota_hdr   0x20000eb4       0x10 ./Core/Src/ESP8266_STM32.o
 .bss.hspi1     0x20000ec4       0x58 ./Core/Src/main.o
                0x20000ec4                hspi1
 .bss.huart1    0x20000f1c       0x48 ./Core/Src/main.o
                0x20000f1c                huart1
 .bss.huart2    0x20000f64       0x48 ./Core/Src/main.o
                0x20000f64                huart2
 .bss.hdma_usart2_rx
                0x20000fac       0x44 ./Core/Src/main.o
                0x20000fac                hdma_usart2_rx
 .bss.ota_begin
                0x20000ff0        0x1 ./Core/Src/main.o
                0x20000ff0                ota_begin
 *fill*         0x20000ff1        0x3 
 .bss.__sbrk_heap_end
                0x20000ff4        0x4 ./Core/Src/sysmem.o
 .bss.uwTick    0x20000ff8        0x4 ./Drivers/STM32F1xx_HAL_Driver/Src/stm32f1xx_hal.o
                0x20000ff8                uwTick
 *fill*         0x20000ffc        0x4 
 .bss.pFlash    0x20001000       0x20 ./Drivers/STM32F1xx_HAL_Driver/Src/stm32f1xx_hal_flash.o
                0x20001000                pFlash
 .bss.__sf      0x20001020      0x138 /home/Shivani/st/stm32cubeide_2.0.0/plugins/com.st.stm32cube.ide.mcu.externaltools.gnu-tools-for-stm32.13.3.rel1.linux64_1.0.100.202509120712/tools/bin/../lib/gcc/arm-none-eabi/13.3.1/../../../../arm-none-eabi/lib/thumb/v7-m/nofp/libc_nano.a(libc_a-findfp.o)
                0x20001020                __sf
 .bss.__stdio_exit_handler
                0x20001158        0x4 /home/Shivani/st/stm32cubeide_2.0.0/plugins/com.st.stm32cube.ide.mcu.externaltools.gnu-tools-for-stm32.13.3.rel1.linux64_1.0.100.202509120712/tools/bin/../lib/gcc/arm-none-eabi/13.3.1/../../../../arm-none-eabi/lib/thumb/v7-m/nofp/libc_nano.a(libc_a-findfp.o)
                0x20001158                __stdio_exit_handler
 .bss.errno     0x2000115c        0x4 /home/Shivani/st/stm32cubeide_2.0.0/plugins/com.st.stm32cube.ide.mcu.externaltools.gnu-tools-for-stm32.13.3.rel1.linux64_1.0.100.202509120712/tools/bin/../lib/gcc/arm-none-eabi/13.3.1/../../../../arm-none-eabi/lib/thumb/v7-m/nofp/libc_nano.a(libc_a-reent.o)
                0x2000115c                errno
 .bss.__lock___malloc_recursive_mutex
                0x20001160        0x1 /home/Shivani/st/stm32cubeide_2.0.0/plugins/com.st.stm32cube.ide.mcu.externaltools.gnu-tools-for-stm32.13.3.rel1.linux64_1.0.100.202509120712/tools/bin/../lib/gcc/arm-none-eabi/13.3.1/../../../../arm-none-eabi/lib/thumb/v7-m/nofp/libc_nano.a(libc_a-lock.o)
                0x20001160                __lock___malloc_recursive_mutex
 .bss.__lock___sfp_recursive_mutex
                0x20001161        0x1 /home/Shivani/st/stm32cubeide_2.0.0/plugins/com.st.stm32cube.ide.mcu.externaltools.gnu-tools-for-stm32.13.3.rel1.linux64_1.0.100.202509120712/tools/bin/../lib/gcc/arm-none-eabi/13.3.1/../../../../arm-none-eabi/lib/thumb/v7-m/nofp/libc_nano.a(libc_a-lock.o)
                0x20001161                __lock___sfp_recursive_mutex
 *fill*         0x20001162        0x2 
 .bss.__malloc_sbrk_start
                0x20001164        0x4 /home/Shivani/st/stm32cubeide_2.0.0/plugins/com.st.stm32cube.ide.mcu.externaltools.gnu-tools-for-stm32.13.3.rel1.linux64_1.0.100.202509120712/tools/bin/../lib/gcc/arm-none-eabi/13.3.1/../../../../arm-none-eabi/lib/thumb/v7-m/nofp/libc_nano.a(libc_a-mallocr.o)
                0x20001164                __malloc_sbrk_start
 .bss.__malloc_free_list
                0x20001168        0x4 /home/Shivani/st/stm32cubeide_2.0.0/plugins/com.st.stm32cube.ide.mcu.externaltools.gnu-tools-for-stm32.13.3.rel1.linux64_1.0.100.202509120712/tools/bin/../lib/gcc/arm-none-eabi/13.3.1/../../../../arm-none-eabi/lib/thumb/v7-m/nofp/libc_nano.a(libc_a-mallocr.o)
                0x20001168                __malloc_free_list
 *(COMMON)
                0x2000116c                        . = ALIGN (0x4)
                0x2000116c                        _ebss = .
                0x2000116c                        __bss_end__ = _ebss

._user_heap_stack
                0x2000116c      0x604 load address 0x0800a3cc
                0x20001170                        . = ALIGN (0x8)
 *fill*         0x2000116c        0x4 
                [!provide]                        PROVIDE (end = .)
                0x20001170                        PROVIDE (_end = .)
                0x20001370                        . = (. + _Min_Heap_Size)
 *fill*         0x20001170      0x200 
                0x20001770                        . = (. + _Min_Stack_Size)
 *fill*         0x20001370      0x400 
                0x20001770                        . = ALIGN (0x8)

/DISCARD/
 libc.a(*)
 libm.a(*)
 libgcc.a(*)

.ARM.attributes
                0x00000000       0x29
 *(.ARM.attributes)
 .ARM.attributes
                0x00000000       0x1d /home/Shivani/st/stm32cubeide_2.0.0/plugins/com.st.stm32cube.ide.mcu.externaltools.gnu-tools-for-stm32.13.3.rel1.linux64_1.0.100.202509120712/tools/bin/../lib/gcc/arm-none-eabi/13.3.1/thumb/v7-m/nofp/crti.o
 .ARM.attributes
                0x0000001d       0x2d /home/Shivani/st/stm32cubeide_2.0.0/plugins/com.st.stm32cube.ide.mcu.externaltools.gnu-tools-for-stm32.13.3.rel1.linux64_1.0.100.202509120712/tools/bin/../lib/gcc/arm-none-eabi/13.3.1/thumb/v7-m/nofp/crtbegin.o
 .ARM.attributes
                0x0000004a       0x2d ./Core/Src/ESP8266_STM32.o
 .ARM.attributes
                0x00000077       0x2d ./Core/Src/W25Qxx.o
 .ARM.attributes
                0x000000a4       0x2d ./Core/Src/app_ota.o
 .ARM.attributes
                0x000000d1       0x2d ./Core/Src/flash_operations.o
 .ARM.attributes
                0x000000fe       0x2d ./Core/Src/main.o
 .ARM.attributes
                0x0000012b       0x2d ./Core/Src/stm32f1xx_hal_msp.o
 .ARM.attributes
                0x00000158       0x2d ./Core/Src/stm32f1xx_it.o
 .ARM.attributes
                0x00000185       0x2d ./Core/Src/syscalls.o
 .ARM.attributes
                0x000001b2       0x2d ./Core/Src/sysmem.o
 .ARM.attributes
                0x000001df       0x2d ./Core/Src/system_stm32f1xx.o
 .ARM.attributes
                0x0000020c       0x21 ./Core/Startup/startup_stm32f103c8tx.o
 .ARM.attributes
                0x0000022d       0x2d ./Drivers/STM32F1xx_HAL_Driver/Src/stm32f1xx_hal.o
 .ARM.attributes
                0x0000025a       0x2d ./Drivers/STM32F1xx_HAL_Driver/Src/stm32f1xx_hal_cortex.o
 .ARM.attributes
                0x00000287       0x2d ./Drivers/STM32F1xx_HAL_Driver/Src/stm32f1xx_hal_dma.o
 .ARM.attributes
                0x000002b4       0x2d ./Drivers/STM32F1xx_HAL_Driver/Src/stm32f1xx_hal_flash.o
 .ARM.attributes
                0x000002e1       0x2d ./Drivers/STM32F1xx_HAL_Driver/Src/stm32f1xx_hal_flash_ex.o
 .ARM.attributes
                0x0000030e       0x2d ./Drivers/STM32F1xx_HAL_Driver/Src/stm32f1xx_hal_gpio.o
 .ARM.attributes
                0x0000033b       0x2d ./Drivers/STM32F1xx_HAL_Driver/Src/stm32f1xx_hal_rcc.o
 .ARM.attributes
                0x00000368       0x2d ./Drivers/STM32F1xx_HAL_Driver/Src/stm32f1xx_hal_spi.o
 .ARM.attributes
                0x00000395       0x2d ./Drivers/STM32F1xx_HAL_Driver/Src/stm32f1xx_hal_uart.o
 .ARM.attributes
                0x000003c2       0x2d /home/Shivani/st/stm32cubeide_2.0.0/plugins/com.st.stm32cube.ide.mcu.externaltools.gnu-tools-for-stm32.13.3.rel1.linux64_1.0.100.202509120712/tools/bin/../lib/gcc/arm-none-eabi/13.3.1/../../../../arm-none-eabi/lib/thumb/v7-m/nofp/libc_nano.a(libc_a-findfp.o)
 .ARM.attributes
                0x000003ef       0x2d /home/Shivani/st/stm32cubeide_2.0.0/plugins/com.st.stm32cube.ide.mcu.externaltools.gnu-tools-for-stm32.13.3.rel1.linux64_1.0.100.202509120712/tools/bin/../lib/gcc/arm-none-eabi/13.3.1/../../../../arm-none-eabi/lib/thumb/v7-m/nofp/libc_nano.a(libc_a-fwalk.o)
 .ARM.attributes
                0x0000041c       0x2d /home/Shivani/st/stm32cubeide_2.0.0/plugins/com.st.stm32cube.ide.mcu.externaltools.gnu-tools-for-stm32.13.3.rel1.linux64_1.0.100.202509120712/tools/bin/../lib/gcc/arm-none-eabi/13.3.1/../../../../arm-none-eabi/lib/thumb/v7-m/nofp/libc_nano.a(libc_a-printf.o)
 .ARM.attributes
                0x00000449       0x2d /home/Shivani/st/stm32cubeide_2.0.0/plugins/com.st.stm32cube.ide.mcu.externaltools.gnu-tools-for-stm32.13.3.rel1.linux64_1.0.100.202509120712/tools/bin/../lib/gcc/arm-none-eabi/13.3.1/../../../../arm-none-eabi/lib/thumb/v7-m/nofp/libc_nano.a(libc_a-puts.o)
 .ARM.attributes
                0x00000476       0x2d /home/Shivani/st/stm32cubeide_2.0.0/plugins/com.st.stm32cube.ide.mcu.externaltools.gnu-tools-for-stm32.13.3.rel1.linux64_1.0.100.202509120712/tools/bin/../lib/gcc/arm-none-eabi/13.3.1/../../../../arm-none-eabi/lib/thumb/v7-m/nofp/libc_nano.a(libc_a-snprintf.o)
 .ARM.attributes
                0x000004a3       0x2d /home/Shivani/st/stm32cubeide_2.0.0/plugins/com.st.stm32cube.ide.mcu.externaltools.gnu-tools-for-stm32.13.3.rel1.linux64_1.0.100.202509120712/tools/bin/../lib/gcc/arm-none-eabi/13.3.1/../../../../arm-none-eabi/lib/thumb/v7-m/nofp/libc_nano.a(libc_a-stdio.o)
 .ARM.attributes
                0x000004d0       0x2d /home/Shivani/st/stm32cubeide_2.0.0/plugins/com.st.stm32cube.ide.mcu.externaltools.gnu-tools-for-stm32.13.3.rel1.linux64_1.0.100.202509120712/tools/bin/../lib/gcc/arm-none-eabi/13.3.1/../../../../arm-none-eabi/lib/thumb/v7-m/nofp/libc_nano.a(libc_a-wbuf.o)
 .ARM.attributes
                0x000004fd       0x2d /home/Shivani/st/stm32cubeide_2.0.0/plugins/com.st.stm32cube.ide.mcu.externaltools.gnu-tools-for-stm32.13.3.rel1.linux64_1.0.100.202509120712/tools/bin/../lib/gcc/arm-none-eabi/13.3.1/../../../../arm-none-eabi/lib/thumb/v7-m/nofp/libc_nano.a(libc_a-wsetup.o)
 .ARM.attributes
                0x0000052a       0x2d /home/Shivani/st/stm32cubeide_2.0.0/plugins/com.st.stm32cube.ide.mcu.externaltools.gnu-tools-for-stm32.13.3.rel1.linux64_1.0.100.202509120712/tools/bin/../lib/gcc/arm-none-eabi/13.3.1/../../../../arm-none-eabi/lib/thumb/v7-m/nofp/libc_nano.a(libc_a-memcmp.o)
 .ARM.attributes
                0x00000557       0x2d /home/Shivani/st/stm32cubeide_2.0.0/plugins/com.st.stm32cube.ide.mcu.externaltools.gnu-tools-for-stm32.13.3.rel1.linux64_1.0.100.202509120712/tools/bin/../lib/gcc/arm-none-eabi/13.3.1/../../../../arm-none-eabi/lib/thumb/v7-m/nofp/libc_nano.a(libc_a-memset.o)
 .ARM.attributes
                0x00000584       0x2d /home/Shivani/st/stm32cubeide_2.0.0/plugins/com.st.stm32cube.ide.mcu.externaltools.gnu-tools-for-stm32.13.3.rel1.linux64_1.0.100.202509120712/tools/bin/../lib/gcc/arm-none-eabi/13.3.1/../../../../arm-none-eabi/lib/thumb/v7-m/nofp/libc_nano.a(libc_a-strchr.o)
 .ARM.attributes
                0x000005b1       0x2d /home/Shivani/st/stm32cubeide_2.0.0/plugins/com.st.stm32cube.ide.mcu.externaltools.gnu-tools-for-stm32.13.3.rel1.linux64_1.0.100.202509120712/tools/bin/../lib/gcc/arm-none-eabi/13.3.1/../../../../arm-none-eabi/lib/thumb/v7-m/nofp/libc_nano.a(libc_a-strncpy.o)
 .ARM.attributes
                0x000005de       0x2d /home/Shivani/st/stm32cubeide_2.0.0/plugins/com.st.stm32cube.ide.mcu.externaltools.gnu-tools-for-stm32.13.3.rel1.linux64_1.0.100.202509120712/tools/bin/../lib/gcc/arm-none-eabi/13.3.1/../../../../arm-none-eabi/lib/thumb/v7-m/nofp/libc_nano.a(libc_a-strstr.o)
 .ARM.attributes
                0x0000060b       0x2d /home/Shivani/st/stm32cubeide_2.0.0/plugins/com.st.stm32cube.ide.mcu.externaltools.gnu-tools-for-stm32.13.3.rel1.linux64_1.0.100.202509120712/tools/bin/../lib/gcc/arm-none-eabi/13.3.1/../../../../arm-none-eabi/lib/thumb/v7-m/nofp/libc_nano.a(libc_a-closer.o)
 .ARM.attributes
                0x00000638       0x2d /home/Shivani/st/stm32cubeide_2.0.0/plugins/com.st.stm32cube.ide.mcu.externaltools.gnu-tools-for-stm32.13.3.rel1.linux64_1.0.100.202509120712/tools/bin/../lib/gcc/arm-none-eabi/13.3.1/../../../../arm-none-eabi/lib/thumb/v7-m/nofp/libc_nano.a(libc_a-reent.o)
 .ARM.attributes
                0x00000665       0x2d /home/Shivani/st/stm32cubeide_2.0.0/plugins/com.st.stm32cube.ide.mcu.externaltools.gnu-tools-for-stm32.13.3.rel1.linux64_1.0.100.202509120712/tools/bin/../lib/gcc/arm-none-eabi/13.3.1/../../../../arm-none-eabi/lib/thumb/v7-m/nofp/libc_nano.a(libc_a-impure.o)
 .ARM.attributes
                0x00000692       0x2d /home/Shivani/st/stm32cubeide_2.0.0/plugins/com.st.stm32cube.ide.mcu.externaltools.gnu-tools-for-stm32.13.3.rel1.linux64_1.0.100.202509120712/tools/bin/../lib/gcc/arm-none-eabi/13.3.1/../../../../arm-none-eabi/lib/thumb/v7-m/nofp/libc_nano.a(libc_a-lseekr.o)
 .ARM.attributes
                0x000006bf       0x2d /home/Shivani/st/stm32cubeide_2.0.0/plugins/com.st.stm32cube.ide.mcu.externaltools.gnu-tools-for-stm32.13.3.rel1.linux64_1.0.100.202509120712/tools/bin/../lib/gcc/arm-none-eabi/13.3.1/../../../../arm-none-eabi/lib/thumb/v7-m/nofp/libc_nano.a(libc_a-readr.o)
 .ARM.attributes
                0x000006ec       0x2d /home/Shivani/st/stm32cubeide_2.0.0/plugins/com.st.stm32cube.ide.mcu.externaltools.gnu-tools-for-stm32.13.3.rel1.linux64_1.0.100.202509120712/tools/bin/../lib/gcc/arm-none-eabi/13.3.1/../../../../arm-none-eabi/lib/thumb/v7-m/nofp/libc_nano.a(libc_a-writer.o)
 .ARM.attributes
                0x00000719       0x2d /home/Shivani/st/stm32cubeide_2.0.0/plugins/com.st.stm32cube.ide.mcu.externaltools.gnu-tools-for-stm32.13.3.rel1.linux64_1.0.100.202509120712/tools/bin/../lib/gcc/arm-none-eabi/13.3.1/../../../../arm-none-eabi/lib/thumb/v7-m/nofp/libc_nano.a(libc_a-errno.o)
 .ARM.attributes
                0x00000746       0x2d /home/Shivani/st/stm32cubeide_2.0.0/plugins/com.st.stm32cube.ide.mcu.externaltools.gnu-tools-for-stm32.13.3.rel1.linux64_1.0.100.202509120712/tools/bin/../lib/gcc/arm-none-eabi/13.3.1/../../../../arm-none-eabi/lib/thumb/v7-m/nofp/libc_nano.a(libc_a-init.o)
 .ARM.attributes
                0x00000773       0x2d /home/Shivani/st/stm32cubeide_2.0.0/plugins/com.st.stm32cube.ide.mcu.externaltools.gnu-tools-for-stm32.13.3.rel1.linux64_1.0.100.202509120712/tools/bin/../lib/gcc/arm-none-eabi/13.3.1/../../../../arm-none-eabi/lib/thumb/v7-m/nofp/libc_nano.a(libc_a-lock.o)
 .ARM.attributes
                0x000007a0       0x1b /home/Shivani/st/stm32cubeide_2.0.0/plugins/com.st.stm32cube.ide.mcu.externaltools.gnu-tools-for-stm32.13.3.rel1.linux64_1.0.100.202509120712/tools/bin/../lib/gcc/arm-none-eabi/13.3.1/../../../../arm-none-eabi/lib/thumb/v7-m/nofp/libc_nano.a(libc_a-strcmp.o)
 .ARM.attributes
                0x000007bb       0x2d /home/Shivani/st/stm32cubeide_2.0.0/plugins/com.st.stm32cube.ide.mcu.externaltools.gnu-tools-for-stm32.13.3.rel1.linux64_1.0.100.202509120712/tools/bin/../lib/gcc/arm-none-eabi/13.3.1/../../../../arm-none-eabi/lib/thumb/v7-m/nofp/libc_nano.a(libc_a-memcpy-stub.o)
 .ARM.attributes
                0x000007e8       0x17 /home/Shivani/st/stm32cubeide_2.0.0/plugins/com.st.stm32cube.ide.mcu.externaltools.gnu-tools-for-stm32.13.3.rel1.linux64_1.0.100.202509120712/tools/bin/../lib/gcc/arm-none-eabi/13.3.1/../../../../arm-none-eabi/lib/thumb/v7-m/nofp/libc_nano.a(libc_a-strlen.o)
 .ARM.attributes
                0x000007ff       0x2d /home/Shivani/st/stm32cubeide_2.0.0/plugins/com.st.stm32cube.ide.mcu.externaltools.gnu-tools-for-stm32.13.3.rel1.linux64_1.0.100.202509120712/tools/bin/../lib/gcc/arm-none-eabi/13.3.1/../../../../arm-none-eabi/lib/thumb/v7-m/nofp/libc_nano.a(libc_a-freer.o)
 .ARM.attributes
                0x0000082c       0x2d /home/Shivani/st/stm32cubeide_2.0.0/plugins/com.st.stm32cube.ide.mcu.externaltools.gnu-tools-for-stm32.13.3.rel1.linux64_1.0.100.202509120712/tools/bin/../lib/gcc/arm-none-eabi/13.3.1/../../../../arm-none-eabi/lib/thumb/v7-m/nofp/libc_nano.a(libc_a-mallocr.o)
 .ARM.attributes
                0x00000859       0x2d /home/Shivani/st/stm32cubeide_2.0.0/plugins/com.st.stm32cube.ide.mcu.externaltools.gnu-tools-for-stm32.13.3.rel1.linux64_1.0.100.202509120712/tools/bin/../lib/gcc/arm-none-eabi/13.3.1/../../../../arm-none-eabi/lib/thumb/v7-m/nofp/libc_nano.a(libc_a-mlock.o)
 .ARM.attributes
                0x00000886       0x2d /home/Shivani/st/stm32cubeide_2.0.0/plugins/com.st.stm32cube.ide.mcu.externaltools.gnu-tools-for-stm32.13.3.rel1.linux64_1.0.100.202509120712/tools/bin/../lib/gcc/arm-none-eabi/13.3.1/../../../../arm-none-eabi/lib/thumb/v7-m/nofp/libc_nano.a(libc_a-nano-svfprintf.o)
 .ARM.attributes
                0x000008b3       0x2d /home/Shivani/st/stm32cubeide_2.0.0/plugins/com.st.stm32cube.ide.mcu.externaltools.gnu-tools-for-stm32.13.3.rel1.linux64_1.0.100.202509120712/tools/bin/../lib/gcc/arm-none-eabi/13.3.1/../../../../arm-none-eabi/lib/thumb/v7-m/nofp/libc_nano.a(libc_a-nano-vfprintf.o)
 .ARM.attributes
                0x000008e0       0x2d /home/Shivani/st/stm32cubeide_2.0.0/plugins/com.st.stm32cube.ide.mcu.externaltools.gnu-tools-for-stm32.13.3.rel1.linux64_1.0.100.202509120712/tools/bin/../lib/gcc/arm-none-eabi/13.3.1/../../../../arm-none-eabi/lib/thumb/v7-m/nofp/libc_nano.a(libc_a-nano-vfprintf_i.o)
 .ARM.attributes
                0x0000090d       0x2d /home/Shivani/st/stm32cubeide_2.0.0/plugins/com.st.stm32cube.ide.mcu.externaltools.gnu-tools-for-stm32.13.3.rel1.linux64_1.0.100.202509120712/tools/bin/../lib/gcc/arm-none-eabi/13.3.1/../../../../arm-none-eabi/lib/thumb/v7-m/nofp/libc_nano.a(libc_a-fflush.o)
 .ARM.attributes
                0x0000093a       0x2d /home/Shivani/st/stm32cubeide_2.0.0/plugins/com.st.stm32cube.ide.mcu.externaltools.gnu-tools-for-stm32.13.3.rel1.linux64_1.0.100.202509120712/tools/bin/../lib/gcc/arm-none-eabi/13.3.1/../../../../arm-none-eabi/lib/thumb/v7-m/nofp/libc_nano.a(libc_a-makebuf.o)
 .ARM.attributes
                0x00000967       0x2d /home/Shivani/st/stm32cubeide_2.0.0/plugins/com.st.stm32cube.ide.mcu.externaltools.gnu-tools-for-stm32.13.3.rel1.linux64_1.0.100.202509120712/tools/bin/../lib/gcc/arm-none-eabi/13.3.1/../../../../arm-none-eabi/lib/thumb/v7-m/nofp/libc_nano.a(libc_a-memmove.o)
 .ARM.attributes
                0x00000994       0x2d /home/Shivani/st/stm32cubeide_2.0.0/plugins/com.st.stm32cube.ide.mcu.externaltools.gnu-tools-for-stm32.13.3.rel1.linux64_1.0.100.202509120712/tools/bin/../lib/gcc/arm-none-eabi/13.3.1/../../../../arm-none-eabi/lib/thumb/v7-m/nofp/libc_nano.a(libc_a-fstatr.o)
 .ARM.attributes
                0x000009c1       0x2d /home/Shivani/st/stm32cubeide_2.0.0/plugins/com.st.stm32cube.ide.mcu.externaltools.gnu-tools-for-stm32.13.3.rel1.linux64_1.0.100.202509120712/tools/bin/../lib/gcc/arm-none-eabi/13.3.1/../../../../arm-none-eabi/lib/thumb/v7-m/nofp/libc_nano.a(libc_a-isattyr.o)
 .ARM.attributes
                0x000009ee       0x2d /home/Shivani/st/stm32cubeide_2.0.0/plugins/com.st.stm32cube.ide.mcu.externaltools.gnu-tools-for-stm32.13.3.rel1.linux64_1.0.100.202509120712/tools/bin/../lib/gcc/arm-none-eabi/13.3.1/../../../../arm-none-eabi/lib/thumb/v7-m/nofp/libc_nano.a(libc_a-sbrkr.o)
 .ARM.attributes
                0x00000a1b       0x2d /home/Shivani/st/stm32cubeide_2.0.0/plugins/com.st.stm32cube.ide.mcu.externaltools.gnu-tools-for-stm32.13.3.rel1.linux64_1.0.100.202509120712/tools/bin/../lib/gcc/arm-none-eabi/13.3.1/../../../../arm-none-eabi/lib/thumb/v7-m/nofp/libc_nano.a(libc_a-memchr-stub.o)
 .ARM.attributes
                0x00000a48       0x2d /home/Shivani/st/stm32cubeide_2.0.0/plugins/com.st.stm32cube.ide.mcu.externaltools.gnu-tools-for-stm32.13.3.rel1.linux64_1.0.100.202509120712/tools/bin/../lib/gcc/arm-none-eabi/13.3.1/../../../../arm-none-eabi/lib/thumb/v7-m/nofp/libc_nano.a(libc_a-reallocr.o)
 .ARM.attributes
                0x00000a75       0x2d /home/Shivani/st/stm32cubeide_2.0.0/plugins/com.st.stm32cube.ide.mcu.externaltools.gnu-tools-for-stm32.13.3.rel1.linux64_1.0.100.202509120712/tools/bin/../lib/gcc/arm-none-eabi/13.3.1/../../../../arm-none-eabi/lib/thumb/v7-m/nofp/libc_nano.a(libc_a-msizer.o)
 .ARM.attributes
                0x00000aa2       0x1d /home/Shivani/st/stm32cubeide_2.0.0/plugins/com.st.stm32cube.ide.mcu.externaltools.gnu-tools-for-stm32.13.3.rel1.linux64_1.0.100.202509120712/tools/bin/../lib/gcc/arm-none-eabi/13.3.1/thumb/v7-m/nofp/crtn.o
OUTPUT(F103_Application.elf elf32-littlearm)
LOAD linker stubs
LOAD /home/Shivani/st/stm32cubeide_2.0.0/plugins/com.st.stm32cube.ide.mcu.externaltools.gnu-tools-for-stm32.13.3.rel1.linux64_1.0.100.202509120712/tools/bin/../lib/gcc/arm-none-eabi/13.3.1/../../../../arm-none-eabi/lib/thumb/v7-m/nofp/libc.a
LOAD /home/Shivani/st/stm32cubeide_2.0.0/plugins/com.st.stm32cube.ide.mcu.externaltools.gnu-tools-for-stm32.13.3.rel1.linux64_1.0.100.202509120712/tools/bin/../lib/gcc/arm-none-eabi/13.3.1/../../../../arm-none-eabi/lib/thumb/v7-m/nofp/libm.a
LOAD /home/Shivani/st/stm32cubeide_2.0.0/plugins/com.st.stm32cube.ide.mcu.externaltools.gnu-tools-for-stm32.13.3.rel1.linux64_1.0.100.202509120712/tools/bin/../lib/gcc/arm-none-eabi/13.3.1/thumb/v7-m/nofp/libgcc.a

.debug_info     0x00000000     0xbf42
 .debug_info    0x00000000      0xe85 ./Core/Src/ESP8266_STM32.o
 .debug_info    0x00000e85      0xa71 ./Core/Src/W25Qxx.o
 .debug_info    0x000018f6      0x2fc ./Core/Src/app_ota.o
 .debug_info    0x00001bf2      0x300 ./Core/Src/flash_operations.o
 .debug_info    0x00001ef2     0x116f ./Core/Src/main.o
 .debug_info    0x00003061      0xb86 ./Core/Src/stm32f1xx_hal_msp.o
 .debug_info    0x00003be7      0x398 ./Core/Src/stm32f1xx_it.o
 .debug_info    0x00003f7f      0x6a3 ./Core/Src/syscalls.o
 .debug_info    0x00004622      0x168 ./Core/Src/sysmem.o
 .debug_info    0x0000478a      0x222 ./Core/Src/system_stm32f1xx.o
 .debug_info    0x000049ac       0x30 ./Core/Startup/startup_stm32f103c8tx.o
 .debug_info    0x000049dc      0x704 ./Drivers/STM32F1xx_HAL_Driver/Src/stm32f1xx_hal.o
 .debug_info    0x000050e0      0xa87 ./Drivers/STM32F1xx_HAL_Driver/Src/stm32f1xx_hal_cortex.o
 .debug_info    0x00005b67      0x6d2 ./Drivers/STM32F1xx_HAL_Driver/Src/stm32f1xx_hal_dma.o
 .debug_info    0x00006239      0x4f8 ./Drivers/STM32F1xx_HAL_Driver/Src/stm32f1xx_hal_flash.o
 .debug_info    0x00006731      0x777 ./Drivers/STM32F1xx_HAL_Driver/Src/stm32f1xx_hal_flash_ex.o
 .debug_info    0x00006ea8      0x5ab ./Drivers/STM32F1xx_HAL_Driver/Src/stm32f1xx_hal_gpio.o
 .debug_info    0x00007453      0x7d5 ./Drivers/STM32F1xx_HAL_Driver/Src/stm32f1xx_hal_rcc.o
 .debug_info    0x00007c28     0x142d ./Drivers/STM32F1xx_HAL_Driver/Src/stm32f1xx_hal_spi.o
 .debug_info    0x00009055     0x2eed ./Drivers/STM32F1xx_HAL_Driver/Src/stm32f1xx_hal_uart.o

.debug_abbrev   0x00000000     0x28fb
 .debug_abbrev  0x00000000      0x3ab ./Core/Src/ESP8266_STM32.o
 .debug_abbrev  0x000003ab      0x288 ./Core/Src/W25Qxx.o
 .debug_abbrev  0x00000633      0x15c ./Core/Src/app_ota.o
 .debug_abbrev  0x0000078f      0x16b ./Core/Src/flash_operations.o
 .debug_abbrev  0x000008fa      0x334 ./Core/Src/main.o
 .debug_abbrev  0x00000c2e      0x1eb ./Core/Src/stm32f1xx_hal_msp.o
 .debug_abbrev  0x00000e19      0x183 ./Core/Src/stm32f1xx_it.o
 .debug_abbrev  0x00000f9c      0x1b6 ./Core/Src/syscalls.o
 .debug_abbrev  0x00001152       0xbc ./Core/Src/sysmem.o
 .debug_abbrev  0x0000120e      0x13f ./Core/Src/system_stm32f1xx.o
 .debug_abbrev  0x0000134d       0x24 ./Core/Startup/startup_stm32f103c8tx.o
 .debug_abbrev  0x00001371      0x201 ./Drivers/STM32F1xx_HAL_Driver/Src/stm32f1xx_hal.o
 .debug_abbrev  0x00001572      0x2f8 ./Drivers/STM32F1xx_HAL_Driver/Src/stm32f1xx_hal_cortex.o
 .debug_abbrev  0x0000186a      0x20b ./Drivers/STM32F1xx_HAL_Driver/Src/stm32f1xx_hal_dma.o
 .debug_abbrev  0x00001a75      0x250 ./Drivers/STM32F1xx_HAL_Driver/Src/stm32f1xx_hal_flash.o
 .debug_abbrev  0x00001cc5      0x247 ./Drivers/STM32F1xx_HAL_Driver/Src/stm32f1xx_hal_flash_ex.o
 .debug_abbrev  0x00001f0c      0x1ca ./Drivers/STM32F1xx_HAL_Driver/Src/stm32f1xx_hal_gpio.o
 .debug_abbrev  0x000020d6      0x2b3 ./Drivers/STM32F1xx_HAL_Driver/Src/stm32f1xx_hal_rcc.o
 .debug_abbrev  0x00002389      0x27a ./Drivers/STM32F1xx_HAL_Driver/Src/stm32f1xx_hal_spi.o
 .debug_abbrev  0x00002603      0x2f8 ./Drivers/STM32F1xx_HAL_Driver/Src/stm32f1xx_hal_uart.o

.debug_aranges  0x00000000      0xbf0
 .debug_aranges
                0x00000000       0x88 ./Core/Src/ESP8266_STM32.o
 .debug_aranges
                0x00000088       0x90 ./Core/Src/W25Qxx.o
 .debug_aranges
                0x00000118       0x28 ./Core/Src/app_ota.o
 .debug_aranges
                0x00000140       0x40 ./Core/Src/flash_operations.o
 .debug_aranges
                0x00000180       0x68 ./Core/Src/main.o
 .debug_aranges
                0x000001e8       0x40 ./Core/Src/stm32f1xx_hal_msp.o
 .debug_aranges
                0x00000228       0x70 ./Core/Src/stm32f1xx_it.o
 .debug_aranges
                0x00000298       0xa8 ./Core/Src/syscalls.o
 .debug_aranges
                0x00000340       0x20 ./Core/Src/sysmem.o
 .debug_aranges
                0x00000360       0x28 ./Core/Src/system_stm32f1xx.o
 .debug_aranges
                0x00000388       0x28 ./Core/Startup/startup_stm32f103c8tx.o
 .debug_aranges
                0x000003b0       0xe0 ./Drivers/STM32F1xx_HAL_Driver/Src/stm32f1xx_hal.o
 .debug_aranges
                0x00000490      0x100 ./Drivers/STM32F1xx_HAL_Driver/Src/stm32f1xx_hal_cortex.o
 .debug_aranges
                0x00000590       0x80 ./Drivers/STM32F1xx_HAL_Driver/Src/stm32f1xx_hal_dma.o
 .debug_aranges
                0x00000610       0x88 ./Drivers/STM32F1xx_HAL_Driver/Src/stm32f1xx_hal_flash.o
 .debug_aranges
                0x00000698       0x98 ./Drivers/STM32F1xx_HAL_Driver/Src/stm32f1xx_hal_flash_ex.o
 .debug_aranges
                0x00000730       0x58 ./Drivers/STM32F1xx_HAL_Driver/Src/stm32f1xx_hal_gpio.o
 .debug_aranges
                0x00000788       0x90 ./Drivers/STM32F1xx_HAL_Driver/Src/stm32f1xx_hal_rcc.o
 .debug_aranges
                0x00000818      0x1d0 ./Drivers/STM32F1xx_HAL_Driver/Src/stm32f1xx_hal_spi.o
 .debug_aranges
                0x000009e8      0x208 ./Drivers/STM32F1xx_HAL_Driver/Src/stm32f1xx_hal_uart.o

.debug_rnglists
                0x00000000      0x91a
 .debug_rnglists
                0x00000000       0x74 ./Core/Src/ESP8266_STM32.o
 .debug_rnglists
                0x00000074       0x6a ./Core/Src/W25Qxx.o
 .debug_rnglists
                0x000000de       0x19 ./Core/Src/app_ota.o
 .debug_rnglists
                0x000000f7       0x2c ./Core/Src/flash_operations.o
 .debug_rnglists
                0x00000123       0x4c ./Core/Src/main.o
 .debug_rnglists
                0x0000016f       0x2d ./Core/Src/stm32f1xx_hal_msp.o
 .debug_rnglists
                0x0000019c       0x4f ./Core/Src/stm32f1xx_it.o
 .debug_rnglists
                0x000001eb       0x79 ./Core/Src/syscalls.o
 .debug_rnglists
                0x00000264       0x13 ./Core/Src/sysmem.o
 .debug_rnglists
                0x00000277       0x1a ./Core/Src/system_stm32f1xx.o
 .debug_rnglists
                0x00000291       0x19 ./Core/Startup/startup_stm32f103c8tx.o
 .debug_rnglists
                0x000002aa       0xa3 ./Drivers/STM32F1xx_HAL_Driver/Src/stm32f1xx_hal.o
 .debug_rnglists
                0x0000034d       0xbb ./Drivers/STM32F1xx_HAL_Driver/Src/stm32f1xx_hal_cortex.o
 .debug_rnglists
                0x00000408       0x64 ./Drivers/STM32F1xx_HAL_Driver/Src/stm32f1xx_hal_dma.o
 .debug_rnglists
                0x0000046c       0x66 ./Drivers/STM32F1xx_HAL_Driver/Src/stm32f1xx_hal_flash.o
 .debug_rnglists
                0x000004d2       0x73 ./Drivers/STM32F1xx_HAL_Driver/Src/stm32f1xx_hal_flash_ex.o
 .debug_rnglists
                0x00000545       0x3f ./Drivers/STM32F1xx_HAL_Driver/Src/stm32f1xx_hal_gpio.o
 .debug_rnglists
                0x00000584       0x6c ./Drivers/STM32F1xx_HAL_Driver/Src/stm32f1xx_hal_rcc.o
 .debug_rnglists
                0x000005f0      0x16e ./Drivers/STM32F1xx_HAL_Driver/Src/stm32f1xx_hal_spi.o
 .debug_rnglists
                0x0000075e      0x1bc ./Drivers/STM32F1xx_HAL_Driver/Src/stm32f1xx_hal_uart.o

.debug_macro    0x00000000    0x18c20
 .debug_macro   0x00000000      0x348 ./Core/Src/ESP8266_STM32.o
 .debug_macro   0x00000348      0xacc ./Core/Src/ESP8266_STM32.o
 .debug_macro   0x00000e14      0x221 ./Core/Src/ESP8266_STM32.o
 .debug_macro   0x00001035       0x2e ./Core/Src/ESP8266_STM32.o
 .debug_macro   0x00001063       0x22 ./Core/Src/ESP8266_STM32.o
 .debug_macro   0x00001085       0x22 ./Core/Src/ESP8266_STM32.o
 .debug_macro   0x000010a7       0x8e ./Core/Src/ESP8266_STM32.o
 .debug_macro   0x00001135       0x51 ./Core/Src/ESP8266_STM32.o
 .debug_macro   0x00001186      0x103 ./Core/Src/ESP8266_STM32.o
 .debug_macro   0x00001289       0x6a ./Core/Src/ESP8266_STM32.o
 .debug_macro   0x000012f3      0x1df ./Core/Src/ESP8266_STM32.o
 .debug_macro   0x000014d2       0x1c ./Core/Src/ESP8266_STM32.o
 .debug_macro   0x000014ee       0x22 ./Core/Src/ESP8266_STM32.o
 .debug_macro   0x00001510       0xbd ./Core/Src/ESP8266_STM32.o
 .debug_macro   0x000015cd      0xd23 ./Core/Src/ESP8266_STM32.o
 .debug_macro   0x000022f0     0xe09e ./Core/Src/ESP8266_STM32.o
 .debug_macro   0x0001038e       0x6d ./Core/Src/ESP8266_STM32.o
 .debug_macro   0x000103fb     0x34a2 ./Core/Src/ESP8266_STM32.o
 .debug_macro   0x0001389d      0x190 ./Core/Src/ESP8266_STM32.o
 .debug_macro   0x00013a2d       0x5c ./Core/Src/ESP8266_STM32.o
 .debug_macro   0x00013a89      0x5bc ./Core/Src/ESP8266_STM32.o
 .debug_macro   0x00014045      0x289 ./Core/Src/ESP8266_STM32.o
 .debug_macro   0x000142ce      0x1cb ./Core/Src/ESP8266_STM32.o
 .debug_macro   0x00014499      0x114 ./Core/Src/ESP8266_STM32.o
 .debug_macro   0x000145ad      0x1b2 ./Core/Src/ESP8266_STM32.o
 .debug_macro   0x0001475f       0x27 ./Core/Src/ESP8266_STM32.o
 .debug_macro   0x00014786      0x136 ./Core/Src/ESP8266_STM32.o
 .debug_macro   0x000148bc      0x1bc ./Core/Src/ESP8266_STM32.o
 .debug_macro   0x00014a78       0x34 ./Core/Src/ESP8266_STM32.o
 .debug_macro   0x00014aac       0x3c ./Core/Src/ESP8266_STM32.o
 .debug_macro   0x00014ae8       0x57 ./Core/Src/ESP8266_STM32.o
 .debug_macro   0x00014b3f       0x87 ./Core/Src/ESP8266_STM32.o
 .debug_macro   0x00014bc6      0x240 ./Core/Src/ESP8266_STM32.o
 .debug_macro   0x00014e06      0x140 ./Core/Src/ESP8266_STM32.o
 .debug_macro   0x00014f46      0x217 ./Core/Src/ESP8266_STM32.o
 .debug_macro   0x0001515d      0x28e ./Core/Src/ESP8266_STM32.o
 .debug_macro   0x000153eb       0x83 ./Core/Src/ESP8266_STM32.o
 .debug_macro   0x0001546e       0x10 ./Core/Src/ESP8266_STM32.o
 .debug_macro   0x0001547e       0x61 ./Core/Src/ESP8266_STM32.o
 .debug_macro   0x000154df       0x24 ./Core/Src/ESP8266_STM32.o
 .debug_macro   0x00015503       0x43 ./Core/Src/ESP8266_STM32.o
 .debug_macro   0x00015546       0x34 ./Core/Src/ESP8266_STM32.o
 .debug_macro   0x0001557a      0x370 ./Core/Src/ESP8266_STM32.o
 .debug_macro   0x000158ea       0x16 ./Core/Src/ESP8266_STM32.o
 .debug_macro   0x00015900       0x4a ./Core/Src/ESP8266_STM32.o
 .debug_macro   0x0001594a       0x34 ./Core/Src/ESP8266_STM32.o
 .debug_macro   0x0001597e       0x10 ./Core/Src/ESP8266_STM32.o
 .debug_macro   0x0001598e       0x58 ./Core/Src/ESP8266_STM32.o
 .debug_macro   0x000159e6       0x8e ./Core/Src/ESP8266_STM32.o
 .debug_macro   0x00015a74       0x1c ./Core/Src/ESP8266_STM32.o
 .debug_macro   0x00015a90      0x185 ./Core/Src/ESP8266_STM32.o
 .debug_macro   0x00015c15       0x10 ./Core/Src/ESP8266_STM32.o
 .debug_macro   0x00015c25       0x3c ./Core/Src/ESP8266_STM32.o
 .debug_macro   0x00015c61       0x20 ./Core/Src/ESP8266_STM32.o
 .debug_macro   0x00015c81       0x1c ./Core/Src/ESP8266_STM32.o
 .debug_macro   0x00015c9d       0x10 ./Core/Src/ESP8266_STM32.o
 .debug_macro   0x00015cad       0x1c ./Core/Src/ESP8266_STM32.o
 .debug_macro   0x00015cc9       0x16 ./Core/Src/ESP8266_STM32.o
 .debug_macro   0x00015cdf      0x146 ./Core/Src/ESP8266_STM32.o
 .debug_macro   0x00015e25       0x22 ./Core/Src/ESP8266_STM32.o
 .debug_macro   0x00015e47       0x22 ./Core/Src/ESP8266_STM32.o
 .debug_macro   0x00015e69       0x10 ./Core/Src/ESP8266_STM32.o
 .debug_macro   0x00015e79       0x16 ./Core/Src/ESP8266_STM32.o
 .debug_macro   0x00015e8f       0x16 ./Core/Src/ESP8266_STM32.o
 .debug_macro   0x00015ea5       0x29 ./Core/Src/ESP8266_STM32.o
 .debug_macro   0x00015ece      0x297 ./Core/Src/W25Qxx.o
 .debug_macro   0x00016165      0x1c9 ./Core/Src/app_ota.o
 .debug_macro   0x0001632e      0x288 ./Core/Src/flash_operations.o
 .debug_macro   0x000165b6      0x2d3 ./Core/Src/main.o
 .debug_macro   0x00016889      0x1a7 ./Core/Src/stm32f1xx_hal_msp.o
 .debug_macro   0x00016a30      0x1b1 ./Core/Src/stm32f1xx_it.o
 .debug_macro   0x00016be1      0x274 ./Core/Src/syscalls.o
 .debug_macro   0x00016e55       0x5b ./Core/Src/syscalls.o
 .debug_macro   0x00016eb0       0x94 ./Core/Src/syscalls.o
 .debug_macro   0x00016f44       0x57 ./Core/Src/syscalls.o
 .debug_macro   0x00016f9b       0x10 ./Core/Src/syscalls.o
 .debug_macro   0x00016fab       0x10 ./Core/Src/syscalls.o
 .debug_macro   0x00016fbb       0x10 ./Core/Src/syscalls.o
 .debug_macro   0x00016fcb       0x10 ./Core/Src/syscalls.o
 .debug_macro   0x00016fdb       0x1c ./Core/Src/syscalls.o
 .debug_macro   0x00016ff7       0x52 ./Core/Src/syscalls.o
 .debug_macro   0x00017049       0x22 ./Core/Src/syscalls.o
 .debug_macro   0x0001706b       0x10 ./Core/Src/syscalls.o
 .debug_macro   0x0001707b       0x52 ./Core/Src/syscalls.o
 .debug_macro   0x000170cd       0xcf ./Core/Src/syscalls.o
 .debug_macro   0x0001719c       0x1c ./Core/Src/syscalls.o
 .debug_macro   0x000171b8       0x3d ./Core/Src/syscalls.o
 .debug_macro   0x000171f5       0x35 ./Core/Src/syscalls.o
 .debug_macro   0x0001722a      0x12c ./Core/Src/syscalls.o
 .debug_macro   0x00017356       0x10 ./Core/Src/syscalls.o
 .debug_macro   0x00017366      0x242 ./Core/Src/syscalls.o
 .debug_macro   0x000175a8       0x10 ./Core/Src/syscalls.o
 .debug_macro   0x000175b8      0x18a ./Core/Src/syscalls.o
 .debug_macro   0x00017742       0x16 ./Core/Src/syscalls.o
 .debug_macro   0x00017758       0xce ./Core/Src/syscalls.o
 .debug_macro   0x00017826      0x112 ./Core/Src/sysmem.o
 .debug_macro   0x00017938      0x23c ./Core/Src/sysmem.o
 .debug_macro   0x00017b74      0x198 ./Core/Src/system_stm32f1xx.o
 .debug_macro   0x00017d0c      0x1bc ./Drivers/STM32F1xx_HAL_Driver/Src/stm32f1xx_hal.o
 .debug_macro   0x00017ec8      0x198 ./Drivers/STM32F1xx_HAL_Driver/Src/stm32f1xx_hal_cortex.o
 .debug_macro   0x00018060      0x198 ./Drivers/STM32F1xx_HAL_Driver/Src/stm32f1xx_hal_dma.o
 .debug_macro   0x000181f8      0x198 ./Drivers/STM32F1xx_HAL_Driver/Src/stm32f1xx_hal_flash.o
 .debug_macro   0x00018390      0x1aa ./Drivers/STM32F1xx_HAL_Driver/Src/stm32f1xx_hal_flash_ex.o
 .debug_macro   0x0001853a      0x203 ./Drivers/STM32F1xx_HAL_Driver/Src/stm32f1xx_hal_gpio.o
 .debug_macro   0x0001873d      0x1aa ./Drivers/STM32F1xx_HAL_Driver/Src/stm32f1xx_hal_rcc.o
 .debug_macro   0x000188e7      0x1a0 ./Drivers/STM32F1xx_HAL_Driver/Src/stm32f1xx_hal_spi.o
 .debug_macro   0x00018a87      0x199 ./Drivers/STM32F1xx_HAL_Driver/Src/stm32f1xx_hal_uart.o

.debug_line     0x00000000     0xe162
 .debug_line    0x00000000      0xeef ./Core/Src/ESP8266_STM32.o
 .debug_line    0x00000eef      0xa3e ./Core/Src/W25Qxx.o
 .debug_line    0x0000192d      0x6c4 ./Core/Src/app_ota.o